Archive member included to satisfy reference by file (symbol)

c:/program files (x86)/atmel/studio/7.0/toolchain/avr8/avr8-gnu-toolchain/bin/../lib/gcc/avr/5.4.0/../../../../avr/lib/avr6\libm.a(addsf3.o)
                              main.o (__subsf3)
c:/program files (x86)/atmel/studio/7.0/toolchain/avr8/avr8-gnu-toolchain/bin/../lib/gcc/avr/5.4.0/../../../../avr/lib/avr6\libm.a(addsf3x.o)
                              c:/program files (x86)/atmel/studio/7.0/toolchain/avr8/avr8-gnu-toolchain/bin/../lib/gcc/avr/5.4.0/../../../../avr/lib/avr6\libm.a(addsf3.o) (__addsf3x)
c:/program files (x86)/atmel/studio/7.0/toolchain/avr8/avr8-gnu-toolchain/bin/../lib/gcc/avr/5.4.0/../../../../avr/lib/avr6\libm.a(cmpsf2.o)
                              src/libraries/DHT_sensor_library/DHT.o (__ltsf2)
c:/program files (x86)/atmel/studio/7.0/toolchain/avr8/avr8-gnu-toolchain/bin/../lib/gcc/avr/5.4.0/../../../../avr/lib/avr6\libm.a(fixsfsi.o)
                              main.o (__fixsfsi)
c:/program files (x86)/atmel/studio/7.0/toolchain/avr8/avr8-gnu-toolchain/bin/../lib/gcc/avr/5.4.0/../../../../avr/lib/avr6\libm.a(fixunssfsi.o)
                              c:/program files (x86)/atmel/studio/7.0/toolchain/avr8/avr8-gnu-toolchain/bin/../lib/gcc/avr/5.4.0/../../../../avr/lib/avr6\libm.a(fixsfsi.o) (__fixunssfsi)
c:/program files (x86)/atmel/studio/7.0/toolchain/avr8/avr8-gnu-toolchain/bin/../lib/gcc/avr/5.4.0/../../../../avr/lib/avr6\libm.a(floatsisf.o)
                              src/libraries/DHT_sensor_library/DHT.o (__floatunsisf)
c:/program files (x86)/atmel/studio/7.0/toolchain/avr8/avr8-gnu-toolchain/bin/../lib/gcc/avr/5.4.0/../../../../avr/lib/avr6\libm.a(fp_cmp.o)
                              c:/program files (x86)/atmel/studio/7.0/toolchain/avr8/avr8-gnu-toolchain/bin/../lib/gcc/avr/5.4.0/../../../../avr/lib/avr6\libm.a(cmpsf2.o) (__fp_cmp)
c:/program files (x86)/atmel/studio/7.0/toolchain/avr8/avr8-gnu-toolchain/bin/../lib/gcc/avr/5.4.0/../../../../avr/lib/avr6\libm.a(fp_inf.o)
                              c:/program files (x86)/atmel/studio/7.0/toolchain/avr8/avr8-gnu-toolchain/bin/../lib/gcc/avr/5.4.0/../../../../avr/lib/avr6\libm.a(addsf3x.o) (__fp_inf)
c:/program files (x86)/atmel/studio/7.0/toolchain/avr8/avr8-gnu-toolchain/bin/../lib/gcc/avr/5.4.0/../../../../avr/lib/avr6\libm.a(fp_nan.o)
                              c:/program files (x86)/atmel/studio/7.0/toolchain/avr8/avr8-gnu-toolchain/bin/../lib/gcc/avr/5.4.0/../../../../avr/lib/avr6\libm.a(addsf3x.o) (__fp_nan)
c:/program files (x86)/atmel/studio/7.0/toolchain/avr8/avr8-gnu-toolchain/bin/../lib/gcc/avr/5.4.0/../../../../avr/lib/avr6\libm.a(fp_pscA.o)
                              c:/program files (x86)/atmel/studio/7.0/toolchain/avr8/avr8-gnu-toolchain/bin/../lib/gcc/avr/5.4.0/../../../../avr/lib/avr6\libm.a(addsf3x.o) (__fp_pscA)
c:/program files (x86)/atmel/studio/7.0/toolchain/avr8/avr8-gnu-toolchain/bin/../lib/gcc/avr/5.4.0/../../../../avr/lib/avr6\libm.a(fp_pscB.o)
                              c:/program files (x86)/atmel/studio/7.0/toolchain/avr8/avr8-gnu-toolchain/bin/../lib/gcc/avr/5.4.0/../../../../avr/lib/avr6\libm.a(addsf3x.o) (__fp_pscB)
c:/program files (x86)/atmel/studio/7.0/toolchain/avr8/avr8-gnu-toolchain/bin/../lib/gcc/avr/5.4.0/../../../../avr/lib/avr6\libm.a(fp_round.o)
                              c:/program files (x86)/atmel/studio/7.0/toolchain/avr8/avr8-gnu-toolchain/bin/../lib/gcc/avr/5.4.0/../../../../avr/lib/avr6\libm.a(addsf3.o) (__fp_round)
c:/program files (x86)/atmel/studio/7.0/toolchain/avr8/avr8-gnu-toolchain/bin/../lib/gcc/avr/5.4.0/../../../../avr/lib/avr6\libm.a(fp_split3.o)
                              c:/program files (x86)/atmel/studio/7.0/toolchain/avr8/avr8-gnu-toolchain/bin/../lib/gcc/avr/5.4.0/../../../../avr/lib/avr6\libm.a(addsf3x.o) (__fp_split3)
c:/program files (x86)/atmel/studio/7.0/toolchain/avr8/avr8-gnu-toolchain/bin/../lib/gcc/avr/5.4.0/../../../../avr/lib/avr6\libm.a(fp_zero.o)
                              c:/program files (x86)/atmel/studio/7.0/toolchain/avr8/avr8-gnu-toolchain/bin/../lib/gcc/avr/5.4.0/../../../../avr/lib/avr6\libm.a(addsf3x.o) (__fp_zero)
c:/program files (x86)/atmel/studio/7.0/toolchain/avr8/avr8-gnu-toolchain/bin/../lib/gcc/avr/5.4.0/../../../../avr/lib/avr6\libm.a(gesf2.o)
                              main.o (__gesf2)
c:/program files (x86)/atmel/studio/7.0/toolchain/avr8/avr8-gnu-toolchain/bin/../lib/gcc/avr/5.4.0/../../../../avr/lib/avr6\libm.a(mulsf3.o)
                              DS3231/DS3231.o (__mulsf3)
c:/program files (x86)/atmel/studio/7.0/toolchain/avr8/avr8-gnu-toolchain/bin/../lib/gcc/avr/5.4.0/../../../../avr/lib/avr6\libm.a(mulsf3x.o)
                              c:/program files (x86)/atmel/studio/7.0/toolchain/avr8/avr8-gnu-toolchain/bin/../lib/gcc/avr/5.4.0/../../../../avr/lib/avr6\libm.a(mulsf3.o) (__mulsf3x)
[...]
Memory Configuration

Name             Origin             Length             Attributes
text             0x00000000         0x00040000         xr
data             0x00800200         0x00002000         rw !x
eeprom           0x00810000         0x00001000         rw !x
fuse             0x00820000         0x00000003         rw !x
lock             0x00830000         0x00000400         rw !x
signature        0x00840000         0x00000400         rw !x
user_signatures  0x00850000         0x00000400         rw !x
*default*        0x00000000         0xffffffff

Linker script and memory map

Address of section .data set to 0x800200
LOAD C:/Program Files (x86)/Atmel/Studio/7.0/Packs/atmel/ATmega_DFP/1.6.364/gcc/dev/atmega2560/avr6/crtatmega2560.o
LOAD DS3231/DS3231.o
LOAD main.o
LOAD src/libraries/Adafruit_BusIO/Adafruit_BusIO_Register.o
LOAD src/libraries/Adafruit_BusIO/Adafruit_I2CDevice.o
LOAD src/libraries/Adafruit_BusIO/Adafruit_SPIDevice.o
LOAD src/libraries/Adafruit_GFX_Library/Adafruit_GFX.o
LOAD src/libraries/Adafruit_GFX_Library/Adafruit_GrayOLED.o
LOAD src/libraries/Adafruit_GFX_Library/Adafruit_SPITFT.o
LOAD src/libraries/Adafruit_GFX_Library/examples/GFXcanvas/GFXcanvasSerialDemo.o
LOAD src/libraries/Adafruit_GFX_Library/fontconvert/fontconvert.o
LOAD src/libraries/Adafruit_GFX_Library/glcdfont.o
LOAD src/libraries/Adafruit_SSD1306/Adafruit_SSD1306.o
LOAD src/libraries/Adafruit_Unified_Sensor/Adafruit_Sensor.o
LOAD src/libraries/DHT_sensor_library/DHT.o
LOAD src/libraries/DHT_sensor_library/DHT_U.o
LOAD src/libraries/SPI/src/SPI.o
LOAD src/libraries/Wire/src/utility/twi.o
LOAD src/libraries/Wire/src/Wire.o
START GROUP
LOAD c:/program files (x86)/atmel/studio/7.0/toolchain/avr8/avr8-gnu-toolchain/bin/../lib/gcc/avr/5.4.0/../../../../avr/lib/avr6\libm.a
LOAD C:\Users\alla1862\DOCUME~1\GitHub\DET_IN~1\MEGA25~1\MEGA25~1\ARDUIN~1\Debug\libArduinoCore.a
END GROUP
LOAD c:/program files (x86)/atmel/studio/7.0/toolchain/avr8/avr8-gnu-toolchain/bin/../lib/gcc/avr/5.4.0/avr6\libgcc.a
LOAD c:/program files (x86)/atmel/studio/7.0/toolchain/avr8/avr8-gnu-toolchain/bin/../lib/gcc/avr/5.4.0/../../../../avr/lib/avr6\libm.a
START GROUP
LOAD c:/program files (x86)/atmel/studio/7.0/toolchain/avr8/avr8-gnu-toolchain/bin/../lib/gcc/avr/5.4.0/avr6\libgcc.a
LOAD c:/program files (x86)/atmel/studio/7.0/toolchain/avr8/avr8-gnu-toolchain/bin/../lib/gcc/avr/5.4.0/../../../../avr/lib/avr6\libm.a
LOAD c:/program files (x86)/atmel/studio/7.0/toolchain/avr8/avr8-gnu-toolchain/bin/../lib/gcc/avr/5.4.0/../../../../avr/lib/avr6\libc.a
LOAD C:/Program Files (x86)/Atmel/Studio/7.0/Packs/atmel/ATmega_DFP/1.6.364/gcc/dev/atmega2560/avr6\libatmega2560.a
END GROUP
                0x00000000                __TEXT_REGION_ORIGIN__ = DEFINED (__TEXT_REGION_ORIGIN__)?__TEXT_REGION_ORIGIN__:0x0
                [0x00800200]                __DATA_REGION_ORIGIN__ = DEFINED (__DATA_REGION_ORIGIN__)?__DATA_REGION_ORIGIN__:0x800200
                [0x00040000]                __TEXT_REGION_LENGTH__ = DEFINED (__TEXT_REGION_LENGTH__)?__TEXT_REGION_LENGTH__:0x100000
                [0x00002000]                __DATA_REGION_LENGTH__ = DEFINED (__DATA_REGION_LENGTH__)?__DATA_REGION_LENGTH__:0xfe00
                [0x00001000]                __EEPROM_REGION_LENGTH__ = DEFINED (__EEPROM_REGION_LENGTH__)?__EEPROM_REGION_LENGTH__:0x10000
                [0x00000003]                __FUSE_REGION_LENGTH__ = DEFINED (__FUSE_REGION_LENGTH__)?__FUSE_REGION_LENGTH__:0x400
                0x00000400                __LOCK_REGION_LENGTH__ = DEFINED (__LOCK_REGION_LENGTH__)?__LOCK_REGION_LENGTH__:0x400
                0x00000400                __SIGNATURE_REGION_LENGTH__ = DEFINED (__SIGNATURE_REGION_LENGTH__)?__SIGNATURE_REGION_LENGTH__:0x400
                0x00000400                __USER_SIGNATURE_REGION_LENGTH__ = DEFINED (__USER_SIGNATURE_REGION_LENGTH__)?__USER_SIGNATURE_REGION_LENGTH__:0x400

.hash
 *(.hash)

.dynsym
 *(.dynsym)

.dynstr
 *(.dynstr)

.gnu.version
 *(.gnu.version)

.gnu.version_d
 *(.gnu.version_d)

.gnu.version_r
 *(.gnu.version_r)

.rel.init
 *(.rel.init)

.rela.init
 *(.rela.init)

.rel.text
 *(.rel.text)
 *(.rel.text.*)
 *(.rel.gnu.linkonce.t*)

.rela.text
 *(.rela.text)
 *(.rela.text.*)
 *(.rela.gnu.linkonce.t*)

.rel.fini
 *(.rel.fini)

.rela.fini
 *(.rela.fini)

.rel.rodata
 *(.rel.rodata)
 *(.rel.rodata.*)
 *(.rel.gnu.linkonce.r*)

.rela.rodata
 *(.rela.rodata)
 *(.rela.rodata.*)
 *(.rela.gnu.linkonce.r*)

.rel.data
 *(.rel.data)
 *(.rel.data.*)
 *(.rel.gnu.linkonce.d*)

.rela.data
 *(.rela.data)
 *(.rela.data.*)
 *(.rela.gnu.linkonce.d*)

.rel.ctors
 *(.rel.ctors)

.rela.ctors
 *(.rela.ctors)

.rel.dtors
 *(.rel.dtors)

.rela.dtors
 *(.rela.dtors)

.rel.got
 *(.rel.got)

.rela.got
 *(.rela.got)

.rel.bss
 *(.rel.bss)

.rela.bss
 *(.rela.bss)

.rel.plt
 *(.rel.plt)

.rela.plt
 *(.rela.plt)

.text           0x00000000     0x5554
 *(.vectors)
 .vectors       0x00000000       0xe4 C:/Program Files (x86)/Atmel/Studio/7.0/Packs/atmel/ATmega_DFP/1.6.364/gcc/dev/atmega2560/avr6/crtatmega2560.o
                0x00000000                __vector_default
                0x00000000                __vectors
 *(.vectors)
 *(.progmem.gcc*)
 .progmem.gcc_sw_table.attachInterrupt
                0x000000e4        0xe C:\Users\alla1862\DOCUME~1\GitHub\DET_IN~1\MEGA25~1\MEGA25~1\ARDUIN~1\Debug\libArduinoCore.a(WInterrupts.o)
 .progmem.gcc_sw_table.turnOffPWM
                0x000000f2       0x24 C:\Users\alla1862\DOCUME~1\GitHub\DET_IN~1\MEGA25~1\MEGA25~1\ARDUIN~1\Debug\libArduinoCore.a(wiring_digital.o)
                0x00000116                . = ALIGN (0x2)
                0x00000116                __trampolines_start = .
 *(.trampolines)
 .trampolines   0x00000116        0x0 linker stubs
 *(.trampolines*)
                0x00000116                __trampolines_end = .
 *libprintf_flt.a:*(.progmem.data)
 *libc.a:*(.progmem.data)
 *(.progmem*)
 .progmem.data._ZL9daysArray
                0x00000116        0xc DS3231/DS3231.o
 .progmem.data._ZZ5setupE3__c
                0x00000122       0x1a main.o
 .progmem.data._ZL4font
                0x0000013c      0x500 src/libraries/Adafruit_GFX_Library/Adafruit_GFX.o
 .progmem.data._ZZN16Adafruit_SSD13067displayEvE6dlist1
                0x0000063c        0x5 src/libraries/Adafruit_SSD1306/Adafruit_SSD1306.o
 .progmem.data._ZZN16Adafruit_SSD130621drawFastVLineInternalEiiijE8postmask
                0x00000641        0x8 src/libraries/Adafruit_SSD1306/Adafruit_SSD1306.o
 .progmem.data._ZZN16Adafruit_SSD130621drawFastVLineInternalEiiijE7premask
                0x00000649        0x8 src/libraries/Adafruit_SSD1306/Adafruit_SSD1306.o
 .progmem.data._ZZN16Adafruit_SSD13065beginEhhbbE5init5
                0x00000651        0x6 src/libraries/Adafruit_SSD1306/Adafruit_SSD1306.o
 .progmem.data._ZZN16Adafruit_SSD13065beginEhhbbE5init3
                0x00000657        0x4 src/libraries/Adafruit_SSD1306/Adafruit_SSD1306.o
 .progmem.data._ZZN16Adafruit_SSD13065beginEhhbbE5init2
                0x0000065b        0x4 src/libraries/Adafruit_SSD1306/Adafruit_SSD1306.o
 .progmem.data._ZZN16Adafruit_SSD13065beginEhhbbE5init1
                0x0000065f        0x4 src/libraries/Adafruit_SSD1306/Adafruit_SSD1306.o
 .progmem.data._ZL12splash2_data
                0x00000663      0x1e0 src/libraries/Adafruit_SSD1306/Adafruit_SSD1306.o
 .progmem.data._ZL12splash1_data
                0x00000843      0x2c0 src/libraries/Adafruit_SSD1306/Adafruit_SSD1306.o
 .progmem.data.digital_pin_to_timer_PGM
                0x00000b03       0x46 C:\Users\alla1862\DOCUME~1\GitHub\DET_IN~1\MEGA25~1\MEGA25~1\ARDUIN~1\Debug\libArduinoCore.a(wiring_digital.o)
                0x00000b03                digital_pin_to_timer_PGM
 .progmem.data.digital_pin_to_bit_mask_PGM
                0x00000b49       0x46 C:\Users\alla1862\DOCUME~1\GitHub\DET_IN~1\MEGA25~1\MEGA25~1\ARDUIN~1\Debug\libArduinoCore.a(wiring_digital.o)
                0x00000b49                digital_pin_to_bit_mask_PGM
 .progmem.data.digital_pin_to_port_PGM
                0x00000b8f       0x46 C:\Users\alla1862\DOCUME~1\GitHub\DET_IN~1\MEGA25~1\MEGA25~1\ARDUIN~1\Debug\libArduinoCore.a(wiring_digital.o)
                0x00000b8f                digital_pin_to_port_PGM
 .progmem.data.port_to_input_PGM
                0x00000bd5       0x1a C:\Users\alla1862\DOCUME~1\GitHub\DET_IN~1\MEGA25~1\MEGA25~1\ARDUIN~1\Debug\libArduinoCore.a(wiring_digital.o)
                0x00000bd5                port_to_input_PGM
 .progmem.data.port_to_output_PGM
                0x00000bef       0x1a C:\Users\alla1862\DOCUME~1\GitHub\DET_IN~1\MEGA25~1\MEGA25~1\ARDUIN~1\Debug\libArduinoCore.a(wiring_digital.o)
                0x00000bef                port_to_output_PGM
 .progmem.data.port_to_mode_PGM
                0x00000c09       0x1a C:\Users\alla1862\DOCUME~1\GitHub\DET_IN~1\MEGA25~1\MEGA25~1\ARDUIN~1\Debug\libArduinoCore.a(wiring_digital.o)
                0x00000c09                port_to_mode_PGM
                0x00000c24                . = ALIGN (0x2)
 *fill*         0x00000c23        0x1 
 *(.jumptables)
 *(.jumptables*)
 *(.lowtext)
 *(.lowtext*)
                0x00000c24                __ctors_start = .
 *(.ctors)
 .ctors         0x00000c24        0x2 main.o
 .ctors         0x00000c26        0x2 src/libraries/Wire/src/Wire.o
 .ctors         0x00000c28        0x2 C:\Users\alla1862\DOCUME~1\GitHub\DET_IN~1\MEGA25~1\MEGA25~1\ARDUIN~1\Debug\libArduinoCore.a(HardwareSerial0.o)
                0x00000c2a                __ctors_end = .
                0x00000c2a                __dtors_start = .
 *(.dtors)
 .dtors         0x00000c2a        0x2 main.o
                0x00000c2c                __dtors_end = .
 SORT(*)(.ctors)
 SORT(*)(.dtors)
 *(.init0)
 .init0         0x00000c2c        0x0 C:/Program Files (x86)/Atmel/Studio/7.0/Packs/atmel/ATmega_DFP/1.6.364/gcc/dev/atmega2560/avr6/crtatmega2560.o
                0x00000c2c                __init
 *(.init0)
 *(.init1)
 *(.init1)
 *(.init2)
 .init2         0x00000c2c       0x10 C:/Program Files (x86)/Atmel/Studio/7.0/Packs/atmel/ATmega_DFP/1.6.364/gcc/dev/atmega2560/avr6/crtatmega2560.o
 *(.init2)
 *(.init3)
 *(.init3)
 *(.init4)
 .init4         0x00000c3c       0x1a c:/program files (x86)/atmel/studio/7.0/toolchain/avr8/avr8-gnu-toolchain/bin/../lib/gcc/avr/5.4.0/avr6\libgcc.a(_copy_data.o)
                0x00000c3c                __do_copy_data
 .init4         0x00000c56       0x10 c:/program files (x86)/atmel/studio/7.0/toolchain/avr8/avr8-gnu-toolchain/bin/../lib/gcc/avr/5.4.0/avr6\libgcc.a(_clear_bss.o)
                0x00000c56                __do_clear_bss
 *(.init4)
 *(.init5)
 *(.init5)
 *(.init6)
 .init6         0x00000c66       0x20 c:/program files (x86)/atmel/studio/7.0/toolchain/avr8/avr8-gnu-toolchain/bin/../lib/gcc/avr/5.4.0/avr6\libgcc.a(_ctors.o)
                0x00000c66                __do_global_ctors
 *(.init6)
 *(.init7)
 *(.init7)
 *(.init8)
 *(.init8)
 *(.init9)
 .init9         0x00000c86        0x8 C:/Program Files (x86)/Atmel/Studio/7.0/Packs/atmel/ATmega_DFP/1.6.364/gcc/dev/atmega2560/avr6/crtatmega2560.o
 *(.init9)
 *(.text)
 .text          0x00000c8e        0x2 C:/Program Files (x86)/Atmel/Studio/7.0/Packs/atmel/ATmega_DFP/1.6.364/gcc/dev/atmega2560/avr6/crtatmega2560.o
                0x00000c8e                __vector_38
                0x00000c8e                __vector_22
                0x00000c8e                __vector_28
                0x00000c8e                __vector_32
                0x00000c8e                __vector_34
                0x00000c8e                __vector_24
                0x00000c8e                __vector_12
                0x00000c8e                __vector_55
                0x00000c8e                __vector_46
                0x00000c8e                __bad_interrupt
                0x00000c8e                __vector_31
                0x00000c8e                __vector_35
                0x00000c8e                __vector_30
                0x00000c8e                __vector_45
                0x00000c8e                __vector_11
                0x00000c8e                __vector_54
                0x00000c8e                __vector_13
                0x00000c8e                __vector_17
                0x00000c8e                __vector_19
                0x00000c8e                __vector_56
                0x00000c8e                __vector_49
                0x00000c8e                __vector_41
                0x00000c8e                __vector_43
                0x00000c8e                __vector_27
                0x00000c8e                __vector_33
                0x00000c8e                __vector_47
                0x00000c8e                __vector_52
                0x00000c8e                __vector_37
                0x00000c8e                __vector_44
                0x00000c8e                __vector_51
                0x00000c8e                __vector_9
                0x00000c8e                __vector_21
                0x00000c8e                __vector_15
                0x00000c8e                __vector_36
                0x00000c8e                __vector_29
                0x00000c8e                __vector_40
                0x00000c8e                __vector_48
                0x00000c8e                __vector_14
                0x00000c8e                __vector_53
                0x00000c8e                __vector_10
                0x00000c8e                __vector_50
                0x00000c8e                __vector_16
                0x00000c8e                __vector_18
                0x00000c8e                __vector_20
                0x00000c8e                __vector_42
                0x00000c90                . = ALIGN (0x2)
 *(.text.*)
 .text._ZN7TwoWire5writeEi
                0x00000c90        0xe DS3231/DS3231.o
                0x00000c90                _ZN7TwoWire5writeEi
 .text._ZN6DS32319date2daysEjhh
                0x00000c9e       0x5c DS3231/DS3231.o
                0x00000c9e                _ZN6DS32319date2daysEjhh
 .text._ZN6DS32318unixtimeEv
                0x00000cfa       0x66 DS3231/DS3231.o
                0x00000cfa                _ZN6DS32318unixtimeEv
 .text._ZN6DS323114writeRegister8Ehh
                0x00000d60       0x34 DS3231/DS3231.o
                0x00000d60                _ZN6DS323114writeRegister8Ehh
 .text._ZN6DS323111getDateTimeEv
                0x00000d94      0x104 DS3231/DS3231.o
                0x00000d94                _ZN6DS323111getDateTimeEv
 .text._ZN6DS323113readRegister8Eh
                0x00000e98       0x56 DS3231/DS3231.o
                0x00000e98                _ZN6DS323113readRegister8Eh
 .text._ZN6DS323110setBatteryEbb
                0x00000eee       0x36 DS3231/DS3231.o
                0x00000eee                _ZN6DS323110setBatteryEbb
 .text._ZN6DS32315beginEv
                0x00000f24       0x46 DS3231/DS3231.o
                0x00000f24                _ZN6DS32315beginEv
 .text._Z11buttonSwichv
                0x00000f6a       0x26 main.o
                0x00000f6a                _Z11buttonSwichv
 .text._ZN8SPIClass8transferEh
                0x00000f90        0xe main.o
                0x00000f90                _ZN8SPIClass8transferEh
 .text.setup    0x00000f9e       0x96 main.o
                0x00000f9e                setup
 .text._Z9printTimev
                0x00001034      0x13a main.o
                0x00001034                _Z9printTimev
 .text.loop     0x0000116e      0x1c8 main.o
                0x0000116e                loop
 .text.startup._GLOBAL__sub_I_display
                0x00001336       0x5e main.o
 .text.exit._GLOBAL__sub_D_display
                0x00001394        0x6 main.o
 .text._ZN8SPIClass16beginTransactionE11SPISettings
                0x0000139a       0x34 src/libraries/Adafruit_BusIO/Adafruit_SPIDevice.o
                0x0000139a                _ZN8SPIClass16beginTransactionE11SPISettings
 .text._ZN8SPIClass14endTransactionEv
                0x000013ce       0x22 src/libraries/Adafruit_BusIO/Adafruit_SPIDevice.o
                0x000013ce                _ZN8SPIClass14endTransactionEv
 .text._ZN5Print17availableForWriteEv
                0x000013f0        0x6 src/libraries/Adafruit_GFX_Library/Adafruit_GFX.o
                0x000013f0                _ZN5Print17availableForWriteEv
 .text._ZN5Print5flushEv
                0x000013f6        0x2 src/libraries/Adafruit_GFX_Library/Adafruit_GFX.o
                0x000013f6                _ZN5Print5flushEv
 .text._ZN12Adafruit_GFX9writeLineEiiiij
                0x000013f8      0x162 src/libraries/Adafruit_GFX_Library/Adafruit_GFX.o
                0x000013f8                _ZN12Adafruit_GFX9writeLineEiiiij
 .text._ZN12Adafruit_GFX10writePixelEiij
                0x0000155a        0xe src/libraries/Adafruit_GFX_Library/Adafruit_GFX.o
                0x0000155a                _ZN12Adafruit_GFX10writePixelEiij
 .text._ZN12Adafruit_GFX14writeFastVLineEiiij
                0x00001568       0x18 src/libraries/Adafruit_GFX_Library/Adafruit_GFX.o
                0x00001568                _ZN12Adafruit_GFX14writeFastVLineEiiij
 .text._ZN12Adafruit_GFX14writeFastHLineEiiij
                0x00001580       0x18 src/libraries/Adafruit_GFX_Library/Adafruit_GFX.o
                0x00001580                _ZN12Adafruit_GFX14writeFastHLineEiiij
 .text._ZN12Adafruit_GFX13writeFillRectEiiiij
                0x00001598       0x20 src/libraries/Adafruit_GFX_Library/Adafruit_GFX.o
                0x00001598                _ZN12Adafruit_GFX13writeFillRectEiiiij
 .text._ZN12Adafruit_GFX8endWriteEv
                0x000015b8        0x2 src/libraries/Adafruit_GFX_Library/Adafruit_GFX.o
                0x000015b8                _ZN12Adafruit_GFX10startWriteEv
                0x000015b8                _ZN12Adafruit_GFX8endWriteEv
 .text._ZN12Adafruit_GFX13drawFastVLineEiiij
                0x000015ba       0x72 src/libraries/Adafruit_GFX_Library/Adafruit_GFX.o
                0x000015ba                _ZN12Adafruit_GFX13drawFastVLineEiiij
 .text._ZN12Adafruit_GFX13drawFastHLineEiiij
                0x0000162c       0x72 src/libraries/Adafruit_GFX_Library/Adafruit_GFX.o
                0x0000162c                _ZN12Adafruit_GFX13drawFastHLineEiiij
 .text._ZN12Adafruit_GFX8fillRectEiiiij
                0x0000169e       0x8a src/libraries/Adafruit_GFX_Library/Adafruit_GFX.o
                0x0000169e                _ZN12Adafruit_GFX8fillRectEiiiij
 .text._ZN12Adafruit_GFX10fillScreenEj
                0x00001728       0x3a src/libraries/Adafruit_GFX_Library/Adafruit_GFX.o
                0x00001728                _ZN12Adafruit_GFX10fillScreenEj
 .text._ZN12Adafruit_GFX8drawLineEiiiij
                0x00001762       0xda src/libraries/Adafruit_GFX_Library/Adafruit_GFX.o
                0x00001762                _ZN12Adafruit_GFX8drawLineEiiiij
 .text._ZN12Adafruit_GFX8drawRectEiiiij
                0x0000183c       0xbe src/libraries/Adafruit_GFX_Library/Adafruit_GFX.o
                0x0000183c                _ZN12Adafruit_GFX8drawRectEiiiij
 .text._ZN12Adafruit_GFX13invertDisplayEb
                0x000018fa        0x2 src/libraries/Adafruit_GFX_Library/Adafruit_GFX.o
                0x000018fa                _ZN12Adafruit_GFX13invertDisplayEb
 .text._ZN12Adafruit_GFX11setRotationEh
                0x000018fc       0x2a src/libraries/Adafruit_GFX_Library/Adafruit_GFX.o
                0x000018fc                _ZN12Adafruit_GFX11setRotationEh
 .text._ZN12Adafruit_GFXC2Eii
                0x00001926       0x44 src/libraries/Adafruit_GFX_Library/Adafruit_GFX.o
                0x00001926                _ZN12Adafruit_GFXC2Eii
                0x00001926                _ZN12Adafruit_GFXC1Eii
 .text._ZN12Adafruit_GFX10drawBitmapEiiPKhiij
                0x0000196a      0x13c src/libraries/Adafruit_GFX_Library/Adafruit_GFX.o
                0x0000196a                _ZN12Adafruit_GFX10drawBitmapEiiPKhiij
 .text._ZN12Adafruit_GFX8drawCharEiihjjhh
                0x00001aa6      0x46a src/libraries/Adafruit_GFX_Library/Adafruit_GFX.o
                0x00001aa6                _ZN12Adafruit_GFX8drawCharEiihjjhh
 .text._ZN12Adafruit_GFX5writeEh
                0x00001f10      0x1ac src/libraries/Adafruit_GFX_Library/Adafruit_GFX.o
                0x00001f10                _ZN12Adafruit_GFX5writeEh
 .text._ZN12Adafruit_GFX11setTextSizeEhh
                0x000020bc       0x16 src/libraries/Adafruit_GFX_Library/Adafruit_GFX.o
                0x000020bc                _ZN12Adafruit_GFX11setTextSizeEhh
 .text._ZN12Adafruit_GFX11setTextSizeEh
                0x000020d2        0x4 src/libraries/Adafruit_GFX_Library/Adafruit_GFX.o
                0x000020d2                _ZN12Adafruit_GFX11setTextSizeEh
 .text._ZN16Adafruit_SSD13069drawPixelEiij
                0x000020d6      0x17a src/libraries/Adafruit_SSD1306/Adafruit_SSD1306.o
                0x000020d6                _ZN16Adafruit_SSD13069drawPixelEiij
 .text._ZN16Adafruit_SSD1306C2EhhP7TwoWireamm
                0x00002250       0x94 src/libraries/Adafruit_SSD1306/Adafruit_SSD1306.o
                0x00002250                _ZN16Adafruit_SSD1306C2EhhP7TwoWireamm
                0x00002250                _ZN16Adafruit_SSD1306C1EhhP7TwoWireamm
 .text._ZN16Adafruit_SSD1306D2Ev
                0x000022e4       0x18 src/libraries/Adafruit_SSD1306/Adafruit_SSD1306.o
                0x000022e4                _ZN16Adafruit_SSD1306D1Ev
                0x000022e4                _ZN16Adafruit_SSD1306D2Ev
 .text._ZN16Adafruit_SSD130616ssd1306_command1Eh
                0x000022fc       0xc2 src/libraries/Adafruit_SSD1306/Adafruit_SSD1306.o
                0x000022fc                _ZN16Adafruit_SSD130616ssd1306_command1Eh
 .text._ZN16Adafruit_SSD130613invertDisplayEb
                0x000023be       0x8c src/libraries/Adafruit_SSD1306/Adafruit_SSD1306.o
                0x000023be                _ZN16Adafruit_SSD130613invertDisplayEb
 .text._ZN16Adafruit_SSD130619ssd1306_commandListEPKhh
                0x0000244a      0x150 src/libraries/Adafruit_SSD1306/Adafruit_SSD1306.o
                0x0000244a                _ZN16Adafruit_SSD130619ssd1306_commandListEPKhh
 .text._ZN16Adafruit_SSD130612clearDisplayEv
                0x0000259a       0x3c src/libraries/Adafruit_SSD1306/Adafruit_SSD1306.o
                0x0000259a                _ZN16Adafruit_SSD130612clearDisplayEv
 .text._ZN16Adafruit_SSD13065beginEhhbb
                0x000025d6      0x384 src/libraries/Adafruit_SSD1306/Adafruit_SSD1306.o
                0x000025d6                _ZN16Adafruit_SSD13065beginEhhbb
 .text._ZN16Adafruit_SSD130621drawFastHLineInternalEiiij
                0x0000295a       0xe0 src/libraries/Adafruit_SSD1306/Adafruit_SSD1306.o
                0x0000295a                _ZN16Adafruit_SSD130621drawFastHLineInternalEiiij
 .text._ZN16Adafruit_SSD130621drawFastVLineInternalEiiij
                0x00002a3a      0x16a src/libraries/Adafruit_SSD1306/Adafruit_SSD1306.o
                0x00002a3a                _ZN16Adafruit_SSD130621drawFastVLineInternalEiiij
 .text._ZN16Adafruit_SSD130613drawFastHLineEiiij
                0x00002ba4       0x7e src/libraries/Adafruit_SSD1306/Adafruit_SSD1306.o
                0x00002ba4                _ZN16Adafruit_SSD130613drawFastHLineEiiij
 .text._ZN16Adafruit_SSD130613drawFastVLineEiiij
                0x00002c22       0x80 src/libraries/Adafruit_SSD1306/Adafruit_SSD1306.o
                0x00002c22                _ZN16Adafruit_SSD130613drawFastVLineEiiij
 .text._ZN16Adafruit_SSD13067displayEv
                0x00002ca2      0x1d6 src/libraries/Adafruit_SSD1306/Adafruit_SSD1306.o
                0x00002ca2                _ZN16Adafruit_SSD13067displayEv
 .text._ZN3DHTC2Ehhh
                0x00002e78       0x42 src/libraries/DHT_sensor_library/DHT.o
                0x00002e78                _ZN3DHTC1Ehhh
                0x00002e78                _ZN3DHTC2Ehhh
 .text._ZN3DHT5beginEh
                0x00002eba       0x34 src/libraries/DHT_sensor_library/DHT.o
                0x00002eba                _ZN3DHT5beginEh
 .text._ZN3DHT11expectPulseEb
                0x00002eee       0x7a src/libraries/DHT_sensor_library/DHT.o
                0x00002eee                _ZN3DHT11expectPulseEb
 .text._ZN3DHT4readEb
                0x00002f68      0x1f6 src/libraries/DHT_sensor_library/DHT.o
                0x00002f68                _ZN3DHT4readEb
 .text._ZN3DHT15readTemperatureEbb
                0x0000315e      0x10e src/libraries/DHT_sensor_library/DHT.o
                0x0000315e                _ZN3DHT15readTemperatureEbb
 .text._ZN3DHT12readHumidityEb
                0x0000326c       0x84 src/libraries/DHT_sensor_library/DHT.o
                0x0000326c                _ZN3DHT12readHumidityEb
 .text._ZN8SPIClass5beginEv
                0x000032f0       0x6c src/libraries/SPI/src/SPI.o
                0x000032f0                _ZN8SPIClass5beginEv
 .text.twi_init
                0x0000335c       0x3c src/libraries/Wire/src/utility/twi.o
                0x0000335c                twi_init
 .text.twi_disable
                0x00003398       0x1a src/libraries/Wire/src/utility/twi.o
                0x00003398                twi_disable
 .text.twi_setFrequency
                0x000033b2       0x28 src/libraries/Wire/src/utility/twi.o
                0x000033b2                twi_setFrequency
 .text.twi_transmit
                0x000033da       0x50 src/libraries/Wire/src/utility/twi.o
                0x000033da                twi_transmit
 .text.twi_attachSlaveRxEvent
                0x0000342a        0xa src/libraries/Wire/src/utility/twi.o
                0x0000342a                twi_attachSlaveRxEvent
 .text.twi_attachSlaveTxEvent
                0x00003434        0xa src/libraries/Wire/src/utility/twi.o
                0x00003434                twi_attachSlaveTxEvent
 .text.twi_releaseBus
                0x0000343e        0xc src/libraries/Wire/src/utility/twi.o
                0x0000343e                twi_releaseBus
 .text.twi_handleTimeout
                0x0000344a       0x28 src/libraries/Wire/src/utility/twi.o
                0x0000344a                twi_handleTimeout
 .text.twi_readFrom
                0x00003472      0x1ce src/libraries/Wire/src/utility/twi.o
                0x00003472                twi_readFrom
 .text.twi_writeTo
                0x00003640      0x1de src/libraries/Wire/src/utility/twi.o
                0x00003640                twi_writeTo
 .text.twi_stop
                0x0000381e       0x6e src/libraries/Wire/src/utility/twi.o
                0x0000381e                twi_stop
 .text.__vector_39
                0x0000388c      0x25c src/libraries/Wire/src/utility/twi.o
                0x0000388c                __vector_39
 .text._ZN7TwoWire9availableEv
                0x00003ae8       0x10 src/libraries/Wire/src/Wire.o
                0x00003ae8                _ZN7TwoWire9availableEv
 .text._ZN7TwoWire4readEv
                0x00003af8       0x28 src/libraries/Wire/src/Wire.o
                0x00003af8                _ZN7TwoWire4readEv
 .text._ZN7TwoWire4peekEv
                0x00003b20       0x1e src/libraries/Wire/src/Wire.o
                0x00003b20                _ZN7TwoWire4peekEv
 .text._ZN7TwoWire5flushEv
                0x00003b3e        0x2 src/libraries/Wire/src/Wire.o
                0x00003b3e                _ZN7TwoWire5flushEv
 .text._ZN7TwoWire16onReceiveServiceEPhi
                0x00003b40       0x54 src/libraries/Wire/src/Wire.o
                0x00003b40                _ZN7TwoWire16onReceiveServiceEPhi
 .text._ZN7TwoWire16onRequestServiceEv
                0x00003b94       0x18 src/libraries/Wire/src/Wire.o
                0x00003b94                _ZN7TwoWire16onRequestServiceEv
 .text._ZN7TwoWire5writeEPKhj
                0x00003bac       0x58 src/libraries/Wire/src/Wire.o
                0x00003bac                _ZN7TwoWire5writeEPKhj
 .text._ZN7TwoWire5writeEh
                0x00003c04       0x5c src/libraries/Wire/src/Wire.o
                0x00003c04                _ZN7TwoWire5writeEh
 .text._ZN7TwoWireC2Ev
                0x00003c60       0x20 src/libraries/Wire/src/Wire.o
                0x00003c60                _ZN7TwoWireC1Ev
                0x00003c60                _ZN7TwoWireC2Ev
 .text._ZN7TwoWire5beginEv
                0x00003c80       0x1e src/libraries/Wire/src/Wire.o
                0x00003c80                _ZN7TwoWire5beginEv
 .text._ZN7TwoWire8setClockEm
                0x00003c9e        0x6 src/libraries/Wire/src/Wire.o
                0x00003c9e                _ZN7TwoWire8setClockEm
 .text._ZN7TwoWire17beginTransmissionEh
                0x00003ca4       0x14 src/libraries/Wire/src/Wire.o
                0x00003ca4                _ZN7TwoWire17beginTransmissionEh
 .text._ZN7TwoWire17beginTransmissionEi
                0x00003cb8        0x2 src/libraries/Wire/src/Wire.o
                0x00003cb8                _ZN7TwoWire17beginTransmissionEi
 .text._ZN7TwoWire15endTransmissionEh
                0x00003cba       0x24 src/libraries/Wire/src/Wire.o
                0x00003cba                _ZN7TwoWire15endTransmissionEh
 .text._ZN7TwoWire11requestFromEhhmhh
                0x00003cde       0xa2 src/libraries/Wire/src/Wire.o
                0x00003cde                _ZN7TwoWire11requestFromEhhmhh
 .text._ZN7TwoWire11requestFromEhhh
                0x00003d80       0x1e src/libraries/Wire/src/Wire.o
                0x00003d80                _ZN7TwoWire11requestFromEhhh
 .text._ZN7TwoWire11requestFromEii
                0x00003d9e        0x4 src/libraries/Wire/src/Wire.o
                0x00003d9e                _ZN7TwoWire11requestFromEii
 .text._ZN7TwoWire15endTransmissionEv
                0x00003da2        0x4 src/libraries/Wire/src/Wire.o
                0x00003da2                _ZN7TwoWire15endTransmissionEv
 .text.startup._GLOBAL__sub_I__ZN7TwoWire8rxBufferE
                0x00003da6        0x6 src/libraries/Wire/src/Wire.o
 .text.avr-libc.fplib
                0x00003dac        0xa c:/program files (x86)/atmel/studio/7.0/toolchain/avr8/avr8-gnu-toolchain/bin/../lib/gcc/avr/5.4.0/../../../../avr/lib/avr6\libm.a(addsf3.o)
                0x00003dac                __subsf3
                0x00003dae                __addsf3
 .text.avr-libc.fplib
                0x00003db6       0xc0 c:/program files (x86)/atmel/studio/7.0/toolchain/avr8/avr8-gnu-toolchain/bin/../lib/gcc/avr/5.4.0/../../../../avr/lib/avr6\libm.a(addsf3x.o)
                0x00003dd0                __addsf3x
 .text.avr-libc.fplib
                0x00003e76        0xa c:/program files (x86)/atmel/studio/7.0/toolchain/avr8/avr8-gnu-toolchain/bin/../lib/gcc/avr/5.4.0/../../../../avr/lib/avr6\libm.a(fixsfsi.o)
                0x00003e76                __fixsfsi
 .text.avr-libc.fplib
                0x00003e80       0x58 c:/program files (x86)/atmel/studio/7.0/toolchain/avr8/avr8-gnu-toolchain/bin/../lib/gcc/avr/5.4.0/../../../../avr/lib/avr6\libm.a(fixunssfsi.o)
                0x00003e80                __fixunssfsi
 .text.avr-libc.fplib
                0x00003ed8       0x7a c:/program files (x86)/atmel/studio/7.0/toolchain/avr8/avr8-gnu-toolchain/bin/../lib/gcc/avr/5.4.0/../../../../avr/lib/avr6\libm.a(floatsisf.o)
                0x00003ed8                __floatunsisf
                0x00003edc                __floatsisf
 .text.avr-libc.fplib
                0x00003f52       0x48 c:/program files (x86)/atmel/studio/7.0/toolchain/avr8/avr8-gnu-toolchain/bin/../lib/gcc/avr/5.4.0/../../../../avr/lib/avr6\libm.a(fp_cmp.o)
                0x00003f52                __fp_cmp
 .text.avr-libc.fplib
                0x00003f9a        0xc c:/program files (x86)/atmel/studio/7.0/toolchain/avr8/avr8-gnu-toolchain/bin/../lib/gcc/avr/5.4.0/../../../../avr/lib/avr6\libm.a(fp_inf.o)
                0x00003f9a                __fp_inf
 .text.avr-libc.fplib
                0x00003fa6        0x6 c:/program files (x86)/atmel/studio/7.0/toolchain/avr8/avr8-gnu-toolchain/bin/../lib/gcc/avr/5.4.0/../../../../avr/lib/avr6\libm.a(fp_nan.o)
                0x00003fa6                __fp_nan
 .text.avr-libc.fplib
                0x00003fac        0xe c:/program files (x86)/atmel/studio/7.0/toolchain/avr8/avr8-gnu-toolchain/bin/../lib/gcc/avr/5.4.0/../../../../avr/lib/avr6\libm.a(fp_pscA.o)
                0x00003fac                __fp_pscA
 .text.avr-libc.fplib
                0x00003fba        0xe c:/program files (x86)/atmel/studio/7.0/toolchain/avr8/avr8-gnu-toolchain/bin/../lib/gcc/avr/5.4.0/../../../../avr/lib/avr6\libm.a(fp_pscB.o)
                0x00003fba                __fp_pscB
 .text.avr-libc.fplib
                0x00003fc8       0x22 c:/program files (x86)/atmel/studio/7.0/toolchain/avr8/avr8-gnu-toolchain/bin/../lib/gcc/avr/5.4.0/../../../../avr/lib/avr6\libm.a(fp_round.o)
                0x00003fc8                __fp_round
 .text.avr-libc.fplib
                0x00003fea       0x44 c:/program files (x86)/atmel/studio/7.0/toolchain/avr8/avr8-gnu-toolchain/bin/../lib/gcc/avr/5.4.0/../../../../avr/lib/avr6\libm.a(fp_split3.o)
                0x00003fea                __fp_split3
                0x00003ffa                __fp_splitA
 .text.avr-libc.fplib
                0x0000402e        0xe c:/program files (x86)/atmel/studio/7.0/toolchain/avr8/avr8-gnu-toolchain/bin/../lib/gcc/avr/5.4.0/../../../../avr/lib/avr6\libm.a(fp_zero.o)
                0x0000402e                __fp_zero
                0x00004030                __fp_szero
 .text.avr-libc.fplib
                0x0000403c        0x8 c:/program files (x86)/atmel/studio/7.0/toolchain/avr8/avr8-gnu-toolchain/bin/../lib/gcc/avr/5.4.0/../../../../avr/lib/avr6\libm.a(gesf2.o)
                0x0000403c                __gesf2
                0x0000403c                __gtsf2
 .text.avr-libc.fplib
                0x00004044        0x4 c:/program files (x86)/atmel/studio/7.0/toolchain/avr8/avr8-gnu-toolchain/bin/../lib/gcc/avr/5.4.0/../../../../avr/lib/avr6\libm.a(mulsf3.o)
                0x00004044                __mulsf3
 .text.avr-libc.fplib
                0x00004048       0xc2 c:/program files (x86)/atmel/studio/7.0/toolchain/avr8/avr8-gnu-toolchain/bin/../lib/gcc/avr/5.4.0/../../../../avr/lib/avr6\libm.a(mulsf3x.o)
                0x0000405c                __mulsf3x
                0x00004060                __mulsf3_pse
 .text.__cxa_pure_virtual
                0x0000410a        0x4 C:\Users\alla1862\DOCUME~1\GitHub\DET_IN~1\MEGA25~1\MEGA25~1\ARDUIN~1\Debug\libArduinoCore.a(abi.o)
                0x0000410a                __cxa_pure_virtual
 .text._ZN14HardwareSerial9availableEv
                0x0000410e       0x18 C:\Users\alla1862\DOCUME~1\GitHub\DET_IN~1\MEGA25~1\MEGA25~1\ARDUIN~1\Debug\libArduinoCore.a(HardwareSerial.o)
                0x0000410e                _ZN14HardwareSerial9availableEv
 .text._ZN14HardwareSerial4peekEv
                0x00004126       0x1c C:\Users\alla1862\DOCUME~1\GitHub\DET_IN~1\MEGA25~1\MEGA25~1\ARDUIN~1\Debug\libArduinoCore.a(HardwareSerial.o)
                0x00004126                _ZN14HardwareSerial4peekEv
 .text._ZN14HardwareSerial4readEv
                0x00004142       0x28 C:\Users\alla1862\DOCUME~1\GitHub\DET_IN~1\MEGA25~1\MEGA25~1\ARDUIN~1\Debug\libArduinoCore.a(HardwareSerial.o)
                0x00004142                _ZN14HardwareSerial4readEv
 .text._ZN14HardwareSerial17availableForWriteEv
                0x0000416a       0x1e C:\Users\alla1862\DOCUME~1\GitHub\DET_IN~1\MEGA25~1\MEGA25~1\ARDUIN~1\Debug\libArduinoCore.a(HardwareSerial.o)
                0x0000416a                _ZN14HardwareSerial17availableForWriteEv
 .text._Z14serialEventRunv
                0x00004188       0x78 C:\Users\alla1862\DOCUME~1\GitHub\DET_IN~1\MEGA25~1\MEGA25~1\ARDUIN~1\Debug\libArduinoCore.a(HardwareSerial.o)
                0x00004188                _Z14serialEventRunv
 .text._ZN14HardwareSerial17_tx_udr_empty_irqEv
                0x00004200       0x44 C:\Users\alla1862\DOCUME~1\GitHub\DET_IN~1\MEGA25~1\MEGA25~1\ARDUIN~1\Debug\libArduinoCore.a(HardwareSerial.o)
                0x00004200                _ZN14HardwareSerial17_tx_udr_empty_irqEv
 .text._ZN14HardwareSerial5writeEh
                0x00004244       0x98 C:\Users\alla1862\DOCUME~1\GitHub\DET_IN~1\MEGA25~1\MEGA25~1\ARDUIN~1\Debug\libArduinoCore.a(HardwareSerial.o)
                0x00004244                _ZN14HardwareSerial5writeEh
 .text._ZN14HardwareSerial5flushEv
                0x000042dc       0x42 C:\Users\alla1862\DOCUME~1\GitHub\DET_IN~1\MEGA25~1\MEGA25~1\ARDUIN~1\Debug\libArduinoCore.a(HardwareSerial.o)
                0x000042dc                _ZN14HardwareSerial5flushEv
 .text._ZN14HardwareSerial5beginEmh
                0x0000431e       0xc6 C:\Users\alla1862\DOCUME~1\GitHub\DET_IN~1\MEGA25~1\MEGA25~1\ARDUIN~1\Debug\libArduinoCore.a(HardwareSerial.o)
                0x0000431e                _ZN14HardwareSerial5beginEmh
 .text.__vector_25
                0x000043e4       0x6c C:\Users\alla1862\DOCUME~1\GitHub\DET_IN~1\MEGA25~1\MEGA25~1\ARDUIN~1\Debug\libArduinoCore.a(HardwareSerial0.o)
                0x000043e4                __vector_25
 .text.__vector_26
                0x00004450       0x52 C:\Users\alla1862\DOCUME~1\GitHub\DET_IN~1\MEGA25~1\MEGA25~1\ARDUIN~1\Debug\libArduinoCore.a(HardwareSerial0.o)
                0x00004450                __vector_26
 .text._Z17Serial0_availablev
                0x000044a2       0x12 C:\Users\alla1862\DOCUME~1\GitHub\DET_IN~1\MEGA25~1\MEGA25~1\ARDUIN~1\Debug\libArduinoCore.a(HardwareSerial0.o)
                0x000044a2                _Z17Serial0_availablev
 .text.startup._GLOBAL__sub_I___vector_25
                0x000044b4       0x5a C:\Users\alla1862\DOCUME~1\GitHub\DET_IN~1\MEGA25~1\MEGA25~1\ARDUIN~1\Debug\libArduinoCore.a(HardwareSerial0.o)
 .text.initVariant
                0x0000450e        0x2 C:\Users\alla1862\DOCUME~1\GitHub\DET_IN~1\MEGA25~1\MEGA25~1\ARDUIN~1\Debug\libArduinoCore.a(main.o)
                0x0000450e                initVariant
 .text.startup.main
                0x00004510       0x18 C:\Users\alla1862\DOCUME~1\GitHub\DET_IN~1\MEGA25~1\MEGA25~1\ARDUIN~1\Debug\libArduinoCore.a(main.o)
                0x00004510                main
 .text._ZN5Print5writeEPKhj
                0x00004528       0x54 C:\Users\alla1862\DOCUME~1\GitHub\DET_IN~1\MEGA25~1\MEGA25~1\ARDUIN~1\Debug\libArduinoCore.a(Print.o)
                0x00004528                _ZN5Print5writeEPKhj
 .text._ZN5Print5writeEPKc
                0x0000457c       0x2a C:\Users\alla1862\DOCUME~1\GitHub\DET_IN~1\MEGA25~1\MEGA25~1\ARDUIN~1\Debug\libArduinoCore.a(Print.o)
                0x0000457c                _ZN5Print5writeEPKc
 .text._ZN5Print5printEPK19__FlashStringHelper
                0x000045a6       0x48 C:\Users\alla1862\DOCUME~1\GitHub\DET_IN~1\MEGA25~1\MEGA25~1\ARDUIN~1\Debug\libArduinoCore.a(Print.o)
                0x000045a6                _ZN5Print5printEPK19__FlashStringHelper
 .text._ZN5Print5printERK6String
                0x000045ee       0x1c C:\Users\alla1862\DOCUME~1\GitHub\DET_IN~1\MEGA25~1\MEGA25~1\ARDUIN~1\Debug\libArduinoCore.a(Print.o)
                0x000045ee                _ZN5Print5printERK6String
 .text._ZN5Print7printlnEv
                0x0000460a        0x6 C:\Users\alla1862\DOCUME~1\GitHub\DET_IN~1\MEGA25~1\MEGA25~1\ARDUIN~1\Debug\libArduinoCore.a(Print.o)
                0x0000460a                _ZN5Print7printlnEv
 .text._ZN5Print7printlnEPK19__FlashStringHelper
                0x00004610       0x20 C:\Users\alla1862\DOCUME~1\GitHub\DET_IN~1\MEGA25~1\MEGA25~1\ARDUIN~1\Debug\libArduinoCore.a(Print.o)
                0x00004610                _ZN5Print7printlnEPK19__FlashStringHelper
 .text._ZN5Print7printlnERK6String
                0x00004630       0x20 C:\Users\alla1862\DOCUME~1\GitHub\DET_IN~1\MEGA25~1\MEGA25~1\ARDUIN~1\Debug\libArduinoCore.a(Print.o)
                0x00004630                _ZN5Print7printlnERK6String
 .text._ZN5Print7printlnEPKc
                0x00004650       0x20 C:\Users\alla1862\DOCUME~1\GitHub\DET_IN~1\MEGA25~1\MEGA25~1\ARDUIN~1\Debug\libArduinoCore.a(Print.o)
                0x00004650                _ZN5Print7printlnEPKc
 .text.nothing  0x00004670        0x2 C:\Users\alla1862\DOCUME~1\GitHub\DET_IN~1\MEGA25~1\MEGA25~1\ARDUIN~1\Debug\libArduinoCore.a(WInterrupts.o)
 .text.attachInterrupt
                0x00004672       0xe6 C:\Users\alla1862\DOCUME~1\GitHub\DET_IN~1\MEGA25~1\MEGA25~1\ARDUIN~1\Debug\libArduinoCore.a(WInterrupts.o)
                0x00004672                attachInterrupt
 .text.__vector_1
                0x00004758       0x56 C:\Users\alla1862\DOCUME~1\GitHub\DET_IN~1\MEGA25~1\MEGA25~1\ARDUIN~1\Debug\libArduinoCore.a(WInterrupts.o)
                0x00004758                __vector_1
 .text.__vector_2
                0x000047ae       0x56 C:\Users\alla1862\DOCUME~1\GitHub\DET_IN~1\MEGA25~1\MEGA25~1\ARDUIN~1\Debug\libArduinoCore.a(WInterrupts.o)
                0x000047ae                __vector_2
 .text.__vector_3
                0x00004804       0x56 C:\Users\alla1862\DOCUME~1\GitHub\DET_IN~1\MEGA25~1\MEGA25~1\ARDUIN~1\Debug\libArduinoCore.a(WInterrupts.o)
                0x00004804                __vector_3
 .text.__vector_4
                0x0000485a       0x56 C:\Users\alla1862\DOCUME~1\GitHub\DET_IN~1\MEGA25~1\MEGA25~1\ARDUIN~1\Debug\libArduinoCore.a(WInterrupts.o)
                0x0000485a                __vector_4
 .text.__vector_5
                0x000048b0       0x56 C:\Users\alla1862\DOCUME~1\GitHub\DET_IN~1\MEGA25~1\MEGA25~1\ARDUIN~1\Debug\libArduinoCore.a(WInterrupts.o)
                0x000048b0                __vector_5
 .text.__vector_6
                0x00004906       0x56 C:\Users\alla1862\DOCUME~1\GitHub\DET_IN~1\MEGA25~1\MEGA25~1\ARDUIN~1\Debug\libArduinoCore.a(WInterrupts.o)
                0x00004906                __vector_6
 .text.__vector_7
                0x0000495c       0x56 C:\Users\alla1862\DOCUME~1\GitHub\DET_IN~1\MEGA25~1\MEGA25~1\ARDUIN~1\Debug\libArduinoCore.a(WInterrupts.o)
                0x0000495c                __vector_7
 .text.__vector_8
                0x000049b2       0x56 C:\Users\alla1862\DOCUME~1\GitHub\DET_IN~1\MEGA25~1\MEGA25~1\ARDUIN~1\Debug\libArduinoCore.a(WInterrupts.o)
                0x000049b2                __vector_8
 .text.__vector_23
                0x00004a08       0x94 C:\Users\alla1862\DOCUME~1\GitHub\DET_IN~1\MEGA25~1\MEGA25~1\ARDUIN~1\Debug\libArduinoCore.a(wiring.o)
                0x00004a08                __vector_23
 .text.millis   0x00004a9c       0x18 C:\Users\alla1862\DOCUME~1\GitHub\DET_IN~1\MEGA25~1\MEGA25~1\ARDUIN~1\Debug\libArduinoCore.a(wiring.o)
                0x00004a9c                millis
 .text.micros   0x00004ab4       0x4a C:\Users\alla1862\DOCUME~1\GitHub\DET_IN~1\MEGA25~1\MEGA25~1\ARDUIN~1\Debug\libArduinoCore.a(wiring.o)
                0x00004ab4                micros
 .text.delay    0x00004afe       0x72 C:\Users\alla1862\DOCUME~1\GitHub\DET_IN~1\MEGA25~1\MEGA25~1\ARDUIN~1\Debug\libArduinoCore.a(wiring.o)
                0x00004afe                delay
 .text.delayMicroseconds
                0x00004b70       0x16 C:\Users\alla1862\DOCUME~1\GitHub\DET_IN~1\MEGA25~1\MEGA25~1\ARDUIN~1\Debug\libArduinoCore.a(wiring.o)
                0x00004b70                delayMicroseconds
 .text.init     0x00004b86       0xc4 C:\Users\alla1862\DOCUME~1\GitHub\DET_IN~1\MEGA25~1\MEGA25~1\ARDUIN~1\Debug\libArduinoCore.a(wiring.o)
                0x00004b86                init
 .text.turnOffPWM
                0x00004c4a       0xaa C:\Users\alla1862\DOCUME~1\GitHub\DET_IN~1\MEGA25~1\MEGA25~1\ARDUIN~1\Debug\libArduinoCore.a(wiring_digital.o)
 .text.pinMode  0x00004cf4       0x78 C:\Users\alla1862\DOCUME~1\GitHub\DET_IN~1\MEGA25~1\MEGA25~1\ARDUIN~1\Debug\libArduinoCore.a(wiring_digital.o)
                0x00004cf4                pinMode
 .text.digitalWrite
                0x00004d6c       0x5c C:\Users\alla1862\DOCUME~1\GitHub\DET_IN~1\MEGA25~1\MEGA25~1\ARDUIN~1\Debug\libArduinoCore.a(wiring_digital.o)
                0x00004d6c                digitalWrite
 .text._ZN6StringD2Ev
                0x00004dc8        0xe C:\Users\alla1862\DOCUME~1\GitHub\DET_IN~1\MEGA25~1\MEGA25~1\ARDUIN~1\Debug\libArduinoCore.a(WString.o)
                0x00004dc8                _ZN6StringD2Ev
                0x00004dc8                _ZN6StringD1Ev
 .text._ZN6String10invalidateEv
                0x00004dd6       0x22 C:\Users\alla1862\DOCUME~1\GitHub\DET_IN~1\MEGA25~1\MEGA25~1\ARDUIN~1\Debug\libArduinoCore.a(WString.o)
                0x00004dd6                _ZN6String10invalidateEv
 .text._ZN6String12changeBufferEj
                0x00004df8       0x32 C:\Users\alla1862\DOCUME~1\GitHub\DET_IN~1\MEGA25~1\MEGA25~1\ARDUIN~1\Debug\libArduinoCore.a(WString.o)
                0x00004df8                _ZN6String12changeBufferEj
 .text._ZN6String7reserveEj
                0x00004e2a       0x36 C:\Users\alla1862\DOCUME~1\GitHub\DET_IN~1\MEGA25~1\MEGA25~1\ARDUIN~1\Debug\libArduinoCore.a(WString.o)
                0x00004e2a                _ZN6String7reserveEj
 .text._ZN6String4copyEPKcj
                0x00004e60       0x3c C:\Users\alla1862\DOCUME~1\GitHub\DET_IN~1\MEGA25~1\MEGA25~1\ARDUIN~1\Debug\libArduinoCore.a(WString.o)
                0x00004e60                _ZN6String4copyEPKcj
 .text._ZN6StringC2EPKc
                0x00004e9c       0x28 C:\Users\alla1862\DOCUME~1\GitHub\DET_IN~1\MEGA25~1\MEGA25~1\ARDUIN~1\Debug\libArduinoCore.a(WString.o)
                0x00004e9c                _ZN6StringC2EPKc
                0x00004e9c                _ZN6StringC1EPKc
 .text._ZN6String6concatEPKcj
                0x00004ec4       0x58 C:\Users\alla1862\DOCUME~1\GitHub\DET_IN~1\MEGA25~1\MEGA25~1\ARDUIN~1\Debug\libArduinoCore.a(WString.o)
                0x00004ec4                _ZN6String6concatEPKcj
 .text._ZN6String6concatEPKc
                0x00004f1c       0x1c C:\Users\alla1862\DOCUME~1\GitHub\DET_IN~1\MEGA25~1\MEGA25~1\ARDUIN~1\Debug\libArduinoCore.a(WString.o)
                0x00004f1c                _ZN6String6concatEPKc
 .text._ZN6String6concatEc
                0x00004f38       0x26 C:\Users\alla1862\DOCUME~1\GitHub\DET_IN~1\MEGA25~1\MEGA25~1\ARDUIN~1\Debug\libArduinoCore.a(WString.o)
                0x00004f38                _ZN6String6concatEc
 .text._ZN6String6concatEh
                0x00004f5e       0x52 C:\Users\alla1862\DOCUME~1\GitHub\DET_IN~1\MEGA25~1\MEGA25~1\ARDUIN~1\Debug\libArduinoCore.a(WString.o)
                0x00004f5e                _ZN6String6concatEh
 .text._ZN6String6concatEi
                0x00004fb0       0x5c C:\Users\alla1862\DOCUME~1\GitHub\DET_IN~1\MEGA25~1\MEGA25~1\ARDUIN~1\Debug\libArduinoCore.a(WString.o)
                0x00004fb0                _ZN6String6concatEi
 .text.__empty  0x0000500c        0x2 C:\Users\alla1862\DOCUME~1\GitHub\DET_IN~1\MEGA25~1\MEGA25~1\ARDUIN~1\Debug\libArduinoCore.a(hooks.o)
                0x0000500c                yield
 .text.libgcc.div
                0x0000500e       0x44 c:/program files (x86)/atmel/studio/7.0/toolchain/avr8/avr8-gnu-toolchain/bin/../lib/gcc/avr/5.4.0/avr6\libgcc.a(_udivmodsi4.o)
                0x0000500e                __udivmodsi4
 .text.libgcc   0x00005052       0x10 c:/program files (x86)/atmel/studio/7.0/toolchain/avr8/avr8-gnu-toolchain/bin/../lib/gcc/avr/5.4.0/avr6\libgcc.a(_tablejump2.o)
                0x00005052                __tablejump2__
 .text.libgcc.mul
                0x00005062       0x1e c:/program files (x86)/atmel/studio/7.0/toolchain/avr8/avr8-gnu-toolchain/bin/../lib/gcc/avr/5.4.0/avr6\libgcc.a(_umulhisi3.o)
                0x00005062                __umulhisi3
 .text.libgcc.mul
                0x00005080       0x14 c:/program files (x86)/atmel/studio/7.0/toolchain/avr8/avr8-gnu-toolchain/bin/../lib/gcc/avr/5.4.0/avr6\libgcc.a(_muluhisi3.o)
                0x00005080                __muluhisi3
 .text.avr-libc
                0x00005094      0x242 c:/program files (x86)/atmel/studio/7.0/toolchain/avr8/avr8-gnu-toolchain/bin/../lib/gcc/avr/5.4.0/../../../../avr/lib/avr6\libc.a(malloc.o)
                0x00005094                malloc
                0x000051c4                free
 .text.avr-libc
                0x000052d6      0x1c0 c:/program files (x86)/atmel/studio/7.0/toolchain/avr8/avr8-gnu-toolchain/bin/../lib/gcc/avr/5.4.0/../../../../avr/lib/avr6\libc.a(realloc.o)
                0x000052d6                realloc
 .text.avr-libc
                0x00005496        0x8 c:/program files (x86)/atmel/studio/7.0/toolchain/avr8/avr8-gnu-toolchain/bin/../lib/gcc/avr/5.4.0/../../../../avr/lib/avr6\libc.a(abort.o)
                0x00005496                abort
 .text.avr-libc
                0x0000549e       0x12 c:/program files (x86)/atmel/studio/7.0/toolchain/avr8/avr8-gnu-toolchain/bin/../lib/gcc/avr/5.4.0/../../../../avr/lib/avr6\libc.a(memcpy.o)
                0x0000549e                memcpy
 .text.avr-libc
                0x000054b0        0xe c:/program files (x86)/atmel/studio/7.0/toolchain/avr8/avr8-gnu-toolchain/bin/../lib/gcc/avr/5.4.0/../../../../avr/lib/avr6\libc.a(memset.o)
                0x000054b0                memset
 .text.avr-libc
                0x000054be        0xe c:/program files (x86)/atmel/studio/7.0/toolchain/avr8/avr8-gnu-toolchain/bin/../lib/gcc/avr/5.4.0/../../../../avr/lib/avr6\libc.a(strcpy.o)
                0x000054be                strcpy
 .text.avr-libc
                0x000054cc       0x14 c:/program files (x86)/atmel/studio/7.0/toolchain/avr8/avr8-gnu-toolchain/bin/../lib/gcc/avr/5.4.0/../../../../avr/lib/avr6\libc.a(itoa_ncheck.o)
                0x000054cc                __itoa_ncheck
 .text.avr-libc
                0x000054e0       0x32 c:/program files (x86)/atmel/studio/7.0/toolchain/avr8/avr8-gnu-toolchain/bin/../lib/gcc/avr/5.4.0/../../../../avr/lib/avr6\libc.a(utoa_ncheck.o)
                0x000054e0                __utoa_ncheck
                0x000054e2                __utoa_common
 .text.avr-libc
                0x00005512       0x20 c:/program files (x86)/atmel/studio/7.0/toolchain/avr8/avr8-gnu-toolchain/bin/../lib/gcc/avr/5.4.0/../../../../avr/lib/avr6\libc.a(strrev.o)
                0x00005512                strrev
                0x00005532                . = ALIGN (0x2)
 *(.fini9)
 .fini9         0x00005532        0x0 c:/program files (x86)/atmel/studio/7.0/toolchain/avr8/avr8-gnu-toolchain/bin/../lib/gcc/avr/5.4.0/avr6\libgcc.a(_exit.o)
                0x00005532                _exit
                0x00005532                exit
 *(.fini9)
 *(.fini8)
 *(.fini8)
 *(.fini7)
 *(.fini7)
 *(.fini6)
 .fini6         0x00005532       0x1e c:/program files (x86)/atmel/studio/7.0/toolchain/avr8/avr8-gnu-toolchain/bin/../lib/gcc/avr/5.4.0/avr6\libgcc.a(_dtors.o)
                0x00005532                __do_global_dtors
 *(.fini6)
 *(.fini5)
 *(.fini5)
 *(.fini4)
 *(.fini4)
 *(.fini3)
 *(.fini3)
 *(.fini2)
 *(.fini2)
 *(.fini1)
 *(.fini1)
 *(.fini0)
 .fini0         0x00005550        0x4 c:/program files (x86)/atmel/studio/7.0/toolchain/avr8/avr8-gnu-toolchain/bin/../lib/gcc/avr/5.4.0/avr6\libgcc.a(_exit.o)
 *(.fini0)
                0x00005554                _etext = .

.data           0x00800200       0xbc load address 0x00005554
                0x00800200                PROVIDE (__data_start, .)
 *(.data)
 .data          0x00800200        0x6 c:/program files (x86)/atmel/studio/7.0/toolchain/avr8/avr8-gnu-toolchain/bin/../lib/gcc/avr/5.4.0/../../../../avr/lib/avr6\libc.a(malloc.o)
                0x00800200                __malloc_heap_end
                0x00800202                __malloc_heap_start
                0x00800204                __malloc_margin
 *(.data*)
 .data.delay2Sec
                0x00800206        0x2 main.o
                0x00800206                delay2Sec
 .data.intFunc  0x00800208       0x10 C:\Users\alla1862\DOCUME~1\GitHub\DET_IN~1\MEGA25~1\MEGA25~1\ARDUIN~1\Debug\libArduinoCore.a(WInterrupts.o)
 *(.gnu.linkonce.d*)
 *(.rodata)
 *(.rodata*)
 .rodata.str1.1
                0x00800218       0x18 main.o
                                 0x19 (size before relaxing)
 .rodata._ZTV12Adafruit_GFX
                0x00800230       0x2c src/libraries/Adafruit_GFX_Library/Adafruit_GFX.o
                0x00800230                _ZTV12Adafruit_GFX
 .rodata._ZTV16Adafruit_SSD1306
                0x0080025c       0x2c src/libraries/Adafruit_SSD1306/Adafruit_SSD1306.o
                0x0080025c                _ZTV16Adafruit_SSD1306
 .rodata._ZTV7TwoWire
                0x00800288       0x12 src/libraries/Wire/src/Wire.o
                0x00800288                _ZTV7TwoWire
 .rodata._ZTV14HardwareSerial
                0x0080029a       0x12 C:\Users\alla1862\DOCUME~1\GitHub\DET_IN~1\MEGA25~1\MEGA25~1\ARDUIN~1\Debug\libArduinoCore.a(HardwareSerial.o)
                0x0080029a                _ZTV14HardwareSerial
 .rodata.str1.1
                0x008002ac        0xf C:\Users\alla1862\DOCUME~1\GitHub\DET_IN~1\MEGA25~1\MEGA25~1\ARDUIN~1\Debug\libArduinoCore.a(Print.o)
 *(.gnu.linkonce.r*)
                0x008002bc                . = ALIGN (0x2)
 *fill*         0x008002bb        0x1 
                0x008002bc                _edata = .
                0x008002bc                PROVIDE (__data_end, .)

.bss            0x008002bc      0x1f4
                0x008002bc                PROVIDE (__bss_start, .)
 *(.bss)
 *(.bss*)
 .bss.previousMillis10
                0x008002bc        0x4 main.o
                0x008002bc                previousMillis10
 .bss.previousMillis2
                0x008002c0        0x4 main.o
                0x008002c0                previousMillis2
 .bss.previousMillis1
                0x008002c4        0x4 main.o
                0x008002c4                previousMillis1
 .bss.t         0x008002c8        0x2 main.o
                0x008002c8                t
 .bss.h         0x008002ca        0x2 main.o
                0x008002ca                h
 .bss.dht       0x008002cc       0x13 main.o
                0x008002cc                dht
 .bss.showTime  0x008002df        0x1 main.o
                0x008002df                showTime
 .bss.dt        0x008002e0        0xc main.o
                0x008002e0                dt
 .bss.clock     0x008002ec        0xc main.o
                0x008002ec                clock
 .bss.display   0x008002f8       0x40 main.o
                0x008002f8                display
 .bss._ZN8SPIClass13interruptSaveE
                0x00800338        0x1 src/libraries/SPI/src/SPI.o
                0x00800338                _ZN8SPIClass13interruptSaveE
 .bss._ZN8SPIClass13interruptMaskE
                0x00800339        0x1 src/libraries/SPI/src/SPI.o
                0x00800339                _ZN8SPIClass13interruptMaskE
 .bss._ZN8SPIClass13interruptModeE
                0x0080033a        0x1 src/libraries/SPI/src/SPI.o
                0x0080033a                _ZN8SPIClass13interruptModeE
 .bss._ZN8SPIClass11initializedE
                0x0080033b        0x1 src/libraries/SPI/src/SPI.o
                0x0080033b                _ZN8SPIClass11initializedE
 .bss.twi_error
                0x0080033c        0x1 src/libraries/Wire/src/utility/twi.o
 .bss.twi_rxBufferIndex
                0x0080033d        0x1 src/libraries/Wire/src/utility/twi.o
 .bss.twi_rxBuffer
                0x0080033e       0x20 src/libraries/Wire/src/utility/twi.o
 .bss.twi_txBufferLength
                0x0080035e        0x1 src/libraries/Wire/src/utility/twi.o
 .bss.twi_txBufferIndex
                0x0080035f        0x1 src/libraries/Wire/src/utility/twi.o
 .bss.twi_txBuffer
                0x00800360       0x20 src/libraries/Wire/src/utility/twi.o
 .bss.twi_masterBufferLength
                0x00800380        0x1 src/libraries/Wire/src/utility/twi.o
 .bss.twi_masterBufferIndex
                0x00800381        0x1 src/libraries/Wire/src/utility/twi.o
 .bss.twi_masterBuffer
                0x00800382       0x20 src/libraries/Wire/src/utility/twi.o
 .bss.twi_onSlaveReceive
                0x008003a2        0x2 src/libraries/Wire/src/utility/twi.o
 .bss.twi_onSlaveTransmit
                0x008003a4        0x2 src/libraries/Wire/src/utility/twi.o
 .bss.twi_do_reset_on_timeout
                0x008003a6        0x1 src/libraries/Wire/src/utility/twi.o
 .bss.twi_timed_out_flag
                0x008003a7        0x1 src/libraries/Wire/src/utility/twi.o
 .bss.twi_timeout_us
                0x008003a8        0x4 src/libraries/Wire/src/utility/twi.o
 .bss.twi_inRepStart
                0x008003ac        0x1 src/libraries/Wire/src/utility/twi.o
 .bss.twi_sendStop
                0x008003ad        0x1 src/libraries/Wire/src/utility/twi.o
 .bss.twi_slarw
                0x008003ae        0x1 src/libraries/Wire/src/utility/twi.o
 .bss.twi_state
                0x008003af        0x1 src/libraries/Wire/src/utility/twi.o
 .bss.Wire      0x008003b0        0xc src/libraries/Wire/src/Wire.o
                0x008003b0                Wire
 .bss._ZN7TwoWire14user_onReceiveE
                0x008003bc        0x2 src/libraries/Wire/src/Wire.o
                0x008003bc                _ZN7TwoWire14user_onReceiveE
 .bss._ZN7TwoWire14user_onRequestE
                0x008003be        0x2 src/libraries/Wire/src/Wire.o
                0x008003be                _ZN7TwoWire14user_onRequestE
 .bss._ZN7TwoWire12transmittingE
                0x008003c0        0x1 src/libraries/Wire/src/Wire.o
                0x008003c0                _ZN7TwoWire12transmittingE
 .bss._ZN7TwoWire14txBufferLengthE
                0x008003c1        0x1 src/libraries/Wire/src/Wire.o
                0x008003c1                _ZN7TwoWire14txBufferLengthE
 .bss._ZN7TwoWire13txBufferIndexE
                0x008003c2        0x1 src/libraries/Wire/src/Wire.o
                0x008003c2                _ZN7TwoWire13txBufferIndexE
 .bss._ZN7TwoWire8txBufferE
                0x008003c3       0x20 src/libraries/Wire/src/Wire.o
                0x008003c3                _ZN7TwoWire8txBufferE
 .bss._ZN7TwoWire9txAddressE
                0x008003e3        0x1 src/libraries/Wire/src/Wire.o
                0x008003e3                _ZN7TwoWire9txAddressE
 .bss._ZN7TwoWire14rxBufferLengthE
                0x008003e4        0x1 src/libraries/Wire/src/Wire.o
                0x008003e4                _ZN7TwoWire14rxBufferLengthE
 .bss._ZN7TwoWire13rxBufferIndexE
                0x008003e5        0x1 src/libraries/Wire/src/Wire.o
                0x008003e5                _ZN7TwoWire13rxBufferIndexE
 .bss._ZN7TwoWire8rxBufferE
                0x008003e6       0x20 src/libraries/Wire/src/Wire.o
                0x008003e6                _ZN7TwoWire8rxBufferE
 .bss.Serial    0x00800406       0x9d C:\Users\alla1862\DOCUME~1\GitHub\DET_IN~1\MEGA25~1\MEGA25~1\ARDUIN~1\Debug\libArduinoCore.a(HardwareSerial0.o)
                0x00800406                Serial
 .bss.timer0_fract
                0x008004a3        0x1 C:\Users\alla1862\DOCUME~1\GitHub\DET_IN~1\MEGA25~1\MEGA25~1\ARDUIN~1\Debug\libArduinoCore.a(wiring.o)
 .bss.timer0_millis
                0x008004a4        0x4 C:\Users\alla1862\DOCUME~1\GitHub\DET_IN~1\MEGA25~1\MEGA25~1\ARDUIN~1\Debug\libArduinoCore.a(wiring.o)
                0x008004a4                timer0_millis
 .bss.timer0_overflow_count
                0x008004a8        0x4 C:\Users\alla1862\DOCUME~1\GitHub\DET_IN~1\MEGA25~1\MEGA25~1\ARDUIN~1\Debug\libArduinoCore.a(wiring.o)
                0x008004a8                timer0_overflow_count
 *(COMMON)
 COMMON         0x008004ac        0x4 c:/program files (x86)/atmel/studio/7.0/toolchain/avr8/avr8-gnu-toolchain/bin/../lib/gcc/avr/5.4.0/../../../../avr/lib/avr6\libc.a(malloc.o)
                0x008004ac                __brkval
                0x008004ae                __flp
                0x008004b0                PROVIDE (__bss_end, .)
                0x00005554                __data_load_start = LOADADDR (.data)
                0x00005610                __data_load_end = (__data_load_start + SIZEOF (.data))

.noinit         0x008004b0        0x0
                [!provide]                PROVIDE (__noinit_start, .)
 *(.noinit*)
                [!provide]                PROVIDE (__noinit_end, .)
                0x008004b0                _end = .
                0x008004b0                PROVIDE (__heap_start, .)

.eeprom         0x00810000        0x0
 *(.eeprom*)
                0x00810000                __eeprom_end = .

.fuse
 *(.fuse)
 *(.lfuse)
 *(.hfuse)
 *(.efuse)

.lock
 *(.lock*)

.signature
 *(.signature*)

.user_signatures
 *(.user_signatures*)

.stab
 *(.stab)

.stabstr
 *(.stabstr)

.stab.excl
 *(.stab.excl)

.stab.exclstr
 *(.stab.exclstr)

.stab.index
 *(.stab.index)

.stab.indexstr
 *(.stab.indexstr)

.comment        0x00000000       0x30
 *(.comment)
 .comment       0x00000000       0x30 DS3231/DS3231.o
                                 0x31 (size before relaxing)
 .comment       0x00000030       0x31 main.o
 .comment       0x00000030       0x31 src/libraries/Adafruit_BusIO/Adafruit_SPIDevice.o
 .comment       0x00000030       0x31 src/libraries/Adafruit_GFX_Library/Adafruit_GFX.o
 .comment       0x00000030       0x31 src/libraries/Adafruit_SSD1306/Adafruit_SSD1306.o
 .comment       0x00000030       0x31 src/libraries/DHT_sensor_library/DHT.o
 .comment       0x00000030       0x31 src/libraries/SPI/src/SPI.o
 .comment       0x00000030       0x31 src/libraries/Wire/src/utility/twi.o
 .comment       0x00000030       0x31 src/libraries/Wire/src/Wire.o
 .comment       0x00000030       0x31 C:\Users\alla1862\DOCUME~1\GitHub\DET_IN~1\MEGA25~1\MEGA25~1\ARDUIN~1\Debug\libArduinoCore.a(abi.o)
 .comment       0x00000030       0x31 C:\Users\alla1862\DOCUME~1\GitHub\DET_IN~1\MEGA25~1\MEGA25~1\ARDUIN~1\Debug\libArduinoCore.a(HardwareSerial.o)
 .comment       0x00000030       0x31 C:\Users\alla1862\DOCUME~1\GitHub\DET_IN~1\MEGA25~1\MEGA25~1\ARDUIN~1\Debug\libArduinoCore.a(HardwareSerial0.o)
 .comment       0x00000030       0x31 C:\Users\alla1862\DOCUME~1\GitHub\DET_IN~1\MEGA25~1\MEGA25~1\ARDUIN~1\Debug\libArduinoCore.a(main.o)
 .comment       0x00000030       0x31 C:\Users\alla1862\DOCUME~1\GitHub\DET_IN~1\MEGA25~1\MEGA25~1\ARDUIN~1\Debug\libArduinoCore.a(Print.o)
 .comment       0x00000030       0x31 C:\Users\alla1862\DOCUME~1\GitHub\DET_IN~1\MEGA25~1\MEGA25~1\ARDUIN~1\Debug\libArduinoCore.a(WInterrupts.o)
 .comment       0x00000030       0x31 C:\Users\alla1862\DOCUME~1\GitHub\DET_IN~1\MEGA25~1\MEGA25~1\ARDUIN~1\Debug\libArduinoCore.a(wiring.o)
 .comment       0x00000030       0x31 C:\Users\alla1862\DOCUME~1\GitHub\DET_IN~1\MEGA25~1\MEGA25~1\ARDUIN~1\Debug\libArduinoCore.a(wiring_digital.o)
 .comment       0x00000030       0x31 C:\Users\alla1862\DOCUME~1\GitHub\DET_IN~1\MEGA25~1\MEGA25~1\ARDUIN~1\Debug\libArduinoCore.a(WString.o)
 .comment       0x00000030       0x31 C:\Users\alla1862\DOCUME~1\GitHub\DET_IN~1\MEGA25~1\MEGA25~1\ARDUIN~1\Debug\libArduinoCore.a(hooks.o)
 .comment       0x00000030       0x31 c:/program files (x86)/atmel/studio/7.0/toolchain/avr8/avr8-gnu-toolchain/bin/../lib/gcc/avr/5.4.0/../../../../avr/lib/avr6\libc.a(malloc.o)
 .comment       0x00000030       0x31 c:/program files (x86)/atmel/studio/7.0/toolchain/avr8/avr8-gnu-toolchain/bin/../lib/gcc/avr/5.4.0/../../../../avr/lib/avr6\libc.a(realloc.o)

.note.gnu.avr.deviceinfo
                0x00000000       0x40
 .note.gnu.avr.deviceinfo
                0x00000000       0x40 C:/Program Files (x86)/Atmel/Studio/7.0/Packs/atmel/ATmega_DFP/1.6.364/gcc/dev/atmega2560/avr6/crtatmega2560.o

.note.gnu.build-id
 *(.note.gnu.build-id)

.debug
 *(.debug)

.line
 *(.line)

.debug_srcinfo
 *(.debug_srcinfo)

.debug_sfnames
 *(.debug_sfnames)

.debug_aranges  0x00000000      0xe88
 *(.debug_aranges)
 .debug_aranges
                0x00000000      0x1a0 DS3231/DS3231.o
 .debug_aranges
                0x000001a0       0x50 main.o
 .debug_aranges
                0x000001f0       0x98 src/libraries/Adafruit_BusIO/Adafruit_SPIDevice.o
 .debug_aranges
                0x00000288      0x2d8 src/libraries/Adafruit_GFX_Library/Adafruit_GFX.o
 .debug_aranges
                0x00000560      0x118 src/libraries/Adafruit_SSD1306/Adafruit_SSD1306.o
 .debug_aranges
                0x00000678       0x68 src/libraries/DHT_sensor_library/DHT.o
 .debug_aranges
                0x000006e0       0x38 src/libraries/SPI/src/SPI.o
 .debug_aranges
                0x00000718       0x98 src/libraries/Wire/src/utility/twi.o
 .debug_aranges
                0x000007b0      0x110 src/libraries/Wire/src/Wire.o
 .debug_aranges
                0x000008c0       0x20 C:\Users\alla1862\DOCUME~1\GitHub\DET_IN~1\MEGA25~1\MEGA25~1\ARDUIN~1\Debug\libArduinoCore.a(abi.o)
 .debug_aranges
                0x000008e0       0x68 C:\Users\alla1862\DOCUME~1\GitHub\DET_IN~1\MEGA25~1\MEGA25~1\ARDUIN~1\Debug\libArduinoCore.a(HardwareSerial.o)
 .debug_aranges
                0x00000948       0x48 C:\Users\alla1862\DOCUME~1\GitHub\DET_IN~1\MEGA25~1\MEGA25~1\ARDUIN~1\Debug\libArduinoCore.a(HardwareSerial0.o)
 .debug_aranges
                0x00000990       0x30 C:\Users\alla1862\DOCUME~1\GitHub\DET_IN~1\MEGA25~1\MEGA25~1\ARDUIN~1\Debug\libArduinoCore.a(main.o)
 .debug_aranges
                0x000009c0      0x100 C:\Users\alla1862\DOCUME~1\GitHub\DET_IN~1\MEGA25~1\MEGA25~1\ARDUIN~1\Debug\libArduinoCore.a(Print.o)
 .debug_aranges
                0x00000ac0       0x70 C:\Users\alla1862\DOCUME~1\GitHub\DET_IN~1\MEGA25~1\MEGA25~1\ARDUIN~1\Debug\libArduinoCore.a(WInterrupts.o)
 .debug_aranges
                0x00000b30       0x48 C:\Users\alla1862\DOCUME~1\GitHub\DET_IN~1\MEGA25~1\MEGA25~1\ARDUIN~1\Debug\libArduinoCore.a(wiring.o)
 .debug_aranges
                0x00000b78       0x38 C:\Users\alla1862\DOCUME~1\GitHub\DET_IN~1\MEGA25~1\MEGA25~1\ARDUIN~1\Debug\libArduinoCore.a(wiring_digital.o)
 .debug_aranges
                0x00000bb0      0x2b8 C:\Users\alla1862\DOCUME~1\GitHub\DET_IN~1\MEGA25~1\MEGA25~1\ARDUIN~1\Debug\libArduinoCore.a(WString.o)
 .debug_aranges
                0x00000e68       0x20 C:\Users\alla1862\DOCUME~1\GitHub\DET_IN~1\MEGA25~1\MEGA25~1\ARDUIN~1\Debug\libArduinoCore.a(hooks.o)

.debug_pubnames
 *(.debug_pubnames)

.debug_info     0x00000000    0x22f9e
 *(.debug_info .gnu.linkonce.wi.*)
 .debug_info    0x00000000      0xbbc C:/Program Files (x86)/Atmel/Studio/7.0/Packs/atmel/ATmega_DFP/1.6.364/gcc/dev/atmega2560/avr6/crtatmega2560.o
 .debug_info    0x00000bbc     0x2c16 DS3231/DS3231.o
 .debug_info    0x000037d2     0x2ba8 main.o
 .debug_info    0x0000637a     0x182f src/libraries/Adafruit_BusIO/Adafruit_SPIDevice.o
 .debug_info    0x00007ba9     0x87f2 src/libraries/Adafruit_GFX_Library/Adafruit_GFX.o
 .debug_info    0x0001039b     0x2d77 src/libraries/Adafruit_SSD1306/Adafruit_SSD1306.o
 .debug_info    0x00013112      0xd61 src/libraries/DHT_sensor_library/DHT.o
 .debug_info    0x00013e73      0x6cd src/libraries/SPI/src/SPI.o
 .debug_info    0x00014540      0x93a src/libraries/Wire/src/utility/twi.o
 .debug_info    0x00014e7a     0x2910 src/libraries/Wire/src/Wire.o
 .debug_info    0x0001778a       0x76 C:\Users\alla1862\DOCUME~1\GitHub\DET_IN~1\MEGA25~1\MEGA25~1\ARDUIN~1\Debug\libArduinoCore.a(abi.o)
 .debug_info    0x00017800     0x205e C:\Users\alla1862\DOCUME~1\GitHub\DET_IN~1\MEGA25~1\MEGA25~1\ARDUIN~1\Debug\libArduinoCore.a(HardwareSerial.o)
 .debug_info    0x0001985e     0x1b74 C:\Users\alla1862\DOCUME~1\GitHub\DET_IN~1\MEGA25~1\MEGA25~1\ARDUIN~1\Debug\libArduinoCore.a(HardwareSerial0.o)
 .debug_info    0x0001b3d2      0x295 C:\Users\alla1862\DOCUME~1\GitHub\DET_IN~1\MEGA25~1\MEGA25~1\ARDUIN~1\Debug\libArduinoCore.a(main.o)
 .debug_info    0x0001b667     0x295d C:\Users\alla1862\DOCUME~1\GitHub\DET_IN~1\MEGA25~1\MEGA25~1\ARDUIN~1\Debug\libArduinoCore.a(Print.o)
 .debug_info    0x0001dfc4      0x301 C:\Users\alla1862\DOCUME~1\GitHub\DET_IN~1\MEGA25~1\MEGA25~1\ARDUIN~1\Debug\libArduinoCore.a(WInterrupts.o)
 .debug_info    0x0001e2c5      0x329 C:\Users\alla1862\DOCUME~1\GitHub\DET_IN~1\MEGA25~1\MEGA25~1\ARDUIN~1\Debug\libArduinoCore.a(wiring.o)
 .debug_info    0x0001e5ee      0x63a C:\Users\alla1862\DOCUME~1\GitHub\DET_IN~1\MEGA25~1\MEGA25~1\ARDUIN~1\Debug\libArduinoCore.a(wiring_digital.o)
 .debug_info    0x0001ec28     0x4338 C:\Users\alla1862\DOCUME~1\GitHub\DET_IN~1\MEGA25~1\MEGA25~1\ARDUIN~1\Debug\libArduinoCore.a(WString.o)
 .debug_info    0x00022f60       0x3e C:\Users\alla1862\DOCUME~1\GitHub\DET_IN~1\MEGA25~1\MEGA25~1\ARDUIN~1\Debug\libArduinoCore.a(hooks.o)

.debug_abbrev   0x00000000     0x4b83
 *(.debug_abbrev)
 .debug_abbrev  0x00000000      0xb1a C:/Program Files (x86)/Atmel/Studio/7.0/Packs/atmel/ATmega_DFP/1.6.364/gcc/dev/atmega2560/avr6/crtatmega2560.o
 .debug_abbrev  0x00000b1a      0x44e DS3231/DS3231.o
 .debug_abbrev  0x00000f68      0x582 main.o
 .debug_abbrev  0x000014ea      0x435 src/libraries/Adafruit_BusIO/Adafruit_SPIDevice.o
 .debug_abbrev  0x0000191f      0x6d8 src/libraries/Adafruit_GFX_Library/Adafruit_GFX.o
 .debug_abbrev  0x00001ff7      0x5f6 src/libraries/Adafruit_SSD1306/Adafruit_SSD1306.o
 .debug_abbrev  0x000025ed      0x3ac src/libraries/DHT_sensor_library/DHT.o
 .debug_abbrev  0x00002999      0x283 src/libraries/SPI/src/SPI.o
 .debug_abbrev  0x00002c1c      0x2f2 src/libraries/Wire/src/utility/twi.o
 .debug_abbrev  0x00002f0e      0x563 src/libraries/Wire/src/Wire.o
 .debug_abbrev  0x00003471       0x6d C:\Users\alla1862\DOCUME~1\GitHub\DET_IN~1\MEGA25~1\MEGA25~1\ARDUIN~1\Debug\libArduinoCore.a(abi.o)
 .debug_abbrev  0x000034de      0x4b7 C:\Users\alla1862\DOCUME~1\GitHub\DET_IN~1\MEGA25~1\MEGA25~1\ARDUIN~1\Debug\libArduinoCore.a(HardwareSerial.o)
 .debug_abbrev  0x00003995      0x3ce C:\Users\alla1862\DOCUME~1\GitHub\DET_IN~1\MEGA25~1\MEGA25~1\ARDUIN~1\Debug\libArduinoCore.a(HardwareSerial0.o)
 .debug_abbrev  0x00003d63      0x12d C:\Users\alla1862\DOCUME~1\GitHub\DET_IN~1\MEGA25~1\MEGA25~1\ARDUIN~1\Debug\libArduinoCore.a(main.o)
 .debug_abbrev  0x00003e90      0x47a C:\Users\alla1862\DOCUME~1\GitHub\DET_IN~1\MEGA25~1\MEGA25~1\ARDUIN~1\Debug\libArduinoCore.a(Print.o)
 .debug_abbrev  0x0000430a       0xed C:\Users\alla1862\DOCUME~1\GitHub\DET_IN~1\MEGA25~1\MEGA25~1\ARDUIN~1\Debug\libArduinoCore.a(WInterrupts.o)
 .debug_abbrev  0x000043f7      0x146 C:\Users\alla1862\DOCUME~1\GitHub\DET_IN~1\MEGA25~1\MEGA25~1\ARDUIN~1\Debug\libArduinoCore.a(wiring.o)
 .debug_abbrev  0x0000453d      0x15a C:\Users\alla1862\DOCUME~1\GitHub\DET_IN~1\MEGA25~1\MEGA25~1\ARDUIN~1\Debug\libArduinoCore.a(wiring_digital.o)
 .debug_abbrev  0x00004697      0x4c2 C:\Users\alla1862\DOCUME~1\GitHub\DET_IN~1\MEGA25~1\MEGA25~1\ARDUIN~1\Debug\libArduinoCore.a(WString.o)
 .debug_abbrev  0x00004b59       0x2a C:\Users\alla1862\DOCUME~1\GitHub\DET_IN~1\MEGA25~1\MEGA25~1\ARDUIN~1\Debug\libArduinoCore.a(hooks.o)

.debug_line     0x00000000     0x9876
 *(.debug_line .debug_line.* .debug_line_end)
 .debug_line    0x00000000      0x1fa C:/Program Files (x86)/Atmel/Studio/7.0/Packs/atmel/ATmega_DFP/1.6.364/gcc/dev/atmega2560/avr6/crtatmega2560.o
 .debug_line    0x000001fa      0xf7b DS3231/DS3231.o
 .debug_line    0x00001175      0x54b main.o
 .debug_line    0x000016c0      0x79b src/libraries/Adafruit_BusIO/Adafruit_SPIDevice.o
 .debug_line    0x00001e5b     0x2605 src/libraries/Adafruit_GFX_Library/Adafruit_GFX.o
 .debug_line    0x00004460     0x12de src/libraries/Adafruit_SSD1306/Adafruit_SSD1306.o
 .debug_line    0x0000573e      0x4f3 src/libraries/DHT_sensor_library/DHT.o
 .debug_line    0x00005c31      0x313 src/libraries/SPI/src/SPI.o
 .debug_line    0x00005f44      0x6db src/libraries/Wire/src/utility/twi.o
 .debug_line    0x0000661f      0x653 src/libraries/Wire/src/Wire.o
 .debug_line    0x00006c72       0xa9 C:\Users\alla1862\DOCUME~1\GitHub\DET_IN~1\MEGA25~1\MEGA25~1\ARDUIN~1\Debug\libArduinoCore.a(abi.o)
 .debug_line    0x00006d1b      0x527 C:\Users\alla1862\DOCUME~1\GitHub\DET_IN~1\MEGA25~1\MEGA25~1\ARDUIN~1\Debug\libArduinoCore.a(HardwareSerial.o)
 .debug_line    0x00007242      0x288 C:\Users\alla1862\DOCUME~1\GitHub\DET_IN~1\MEGA25~1\MEGA25~1\ARDUIN~1\Debug\libArduinoCore.a(HardwareSerial0.o)
 .debug_line    0x000074ca      0x161 C:\Users\alla1862\DOCUME~1\GitHub\DET_IN~1\MEGA25~1\MEGA25~1\ARDUIN~1\Debug\libArduinoCore.a(main.o)
 .debug_line    0x0000762b      0x681 C:\Users\alla1862\DOCUME~1\GitHub\DET_IN~1\MEGA25~1\MEGA25~1\ARDUIN~1\Debug\libArduinoCore.a(Print.o)
 .debug_line    0x00007cac      0x2da C:\Users\alla1862\DOCUME~1\GitHub\DET_IN~1\MEGA25~1\MEGA25~1\ARDUIN~1\Debug\libArduinoCore.a(WInterrupts.o)
 .debug_line    0x00007f86      0x2cb C:\Users\alla1862\DOCUME~1\GitHub\DET_IN~1\MEGA25~1\MEGA25~1\ARDUIN~1\Debug\libArduinoCore.a(wiring.o)
 .debug_line    0x00008251      0x284 C:\Users\alla1862\DOCUME~1\GitHub\DET_IN~1\MEGA25~1\MEGA25~1\ARDUIN~1\Debug\libArduinoCore.a(wiring_digital.o)
 .debug_line    0x000084d5     0x1360 C:\Users\alla1862\DOCUME~1\GitHub\DET_IN~1\MEGA25~1\MEGA25~1\ARDUIN~1\Debug\libArduinoCore.a(WString.o)
 .debug_line    0x00009835       0x41 C:\Users\alla1862\DOCUME~1\GitHub\DET_IN~1\MEGA25~1\MEGA25~1\ARDUIN~1\Debug\libArduinoCore.a(hooks.o)

.debug_frame    0x00000000     0x3f88
 *(.debug_frame)
 .debug_frame   0x00000000      0x6ec DS3231/DS3231.o
 .debug_frame   0x000006ec      0x108 main.o
 .debug_frame   0x000007f4      0x2c4 src/libraries/Adafruit_BusIO/Adafruit_SPIDevice.o
 .debug_frame   0x00000ab8     0x143c src/libraries/Adafruit_GFX_Library/Adafruit_GFX.o
 .debug_frame   0x00001ef4      0x498 src/libraries/Adafruit_SSD1306/Adafruit_SSD1306.o
 .debug_frame   0x0000238c      0x1fc src/libraries/DHT_sensor_library/DHT.o
 .debug_frame   0x00002588       0x5c src/libraries/SPI/src/SPI.o
 .debug_frame   0x000025e4      0x208 src/libraries/Wire/src/utility/twi.o
 .debug_frame   0x000027ec      0x2b0 src/libraries/Wire/src/Wire.o
 .debug_frame   0x00002a9c       0x34 C:\Users\alla1862\DOCUME~1\GitHub\DET_IN~1\MEGA25~1\MEGA25~1\ARDUIN~1\Debug\libArduinoCore.a(abi.o)
 .debug_frame   0x00002ad0      0x110 C:\Users\alla1862\DOCUME~1\GitHub\DET_IN~1\MEGA25~1\MEGA25~1\ARDUIN~1\Debug\libArduinoCore.a(HardwareSerial.o)
 .debug_frame   0x00002be0       0xe0 C:\Users\alla1862\DOCUME~1\GitHub\DET_IN~1\MEGA25~1\MEGA25~1\ARDUIN~1\Debug\libArduinoCore.a(HardwareSerial0.o)
 .debug_frame   0x00002cc0       0x54 C:\Users\alla1862\DOCUME~1\GitHub\DET_IN~1\MEGA25~1\MEGA25~1\ARDUIN~1\Debug\libArduinoCore.a(main.o)
 .debug_frame   0x00002d14      0x3ac C:\Users\alla1862\DOCUME~1\GitHub\DET_IN~1\MEGA25~1\MEGA25~1\ARDUIN~1\Debug\libArduinoCore.a(Print.o)
 .debug_frame   0x000030c0      0x304 C:\Users\alla1862\DOCUME~1\GitHub\DET_IN~1\MEGA25~1\MEGA25~1\ARDUIN~1\Debug\libArduinoCore.a(WInterrupts.o)
 .debug_frame   0x000033c4       0xc4 C:\Users\alla1862\DOCUME~1\GitHub\DET_IN~1\MEGA25~1\MEGA25~1\ARDUIN~1\Debug\libArduinoCore.a(wiring.o)
 .debug_frame   0x00003488       0x7c C:\Users\alla1862\DOCUME~1\GitHub\DET_IN~1\MEGA25~1\MEGA25~1\ARDUIN~1\Debug\libArduinoCore.a(wiring_digital.o)
 .debug_frame   0x00003504      0xa60 C:\Users\alla1862\DOCUME~1\GitHub\DET_IN~1\MEGA25~1\MEGA25~1\ARDUIN~1\Debug\libArduinoCore.a(WString.o)
 .debug_frame   0x00003f64       0x24 C:\Users\alla1862\DOCUME~1\GitHub\DET_IN~1\MEGA25~1\MEGA25~1\ARDUIN~1\Debug\libArduinoCore.a(hooks.o)

.debug_str      0x00000000     0x61c5
 *(.debug_str)
 .debug_str     0x00000000      0x3e6 C:/Program Files (x86)/Atmel/Studio/7.0/Packs/atmel/ATmega_DFP/1.6.364/gcc/dev/atmega2560/avr6/crtatmega2560.o
 .debug_str     0x000003e6      0xc45 DS3231/DS3231.o
                                0xd2b (size before relaxing)
 .debug_str     0x0000102b     0x12a8 main.o
                               0x1e8d (size before relaxing)
 .debug_str     0x000022d3      0x546 src/libraries/Adafruit_BusIO/Adafruit_SPIDevice.o
                                0xbad (size before relaxing)
 .debug_str     0x00002819     0x15df src/libraries/Adafruit_GFX_Library/Adafruit_GFX.o
                               0x2572 (size before relaxing)
 .debug_str     0x00003df8      0x7a1 src/libraries/Adafruit_SSD1306/Adafruit_SSD1306.o
                               0x1115 (size before relaxing)
 .debug_str     0x00004599       0xe6 src/libraries/DHT_sensor_library/DHT.o
                                0x5ca (size before relaxing)
 .debug_str     0x0000467f       0xb4 src/libraries/SPI/src/SPI.o
                                0x6cb (size before relaxing)
 .debug_str     0x00004733      0x3d8 src/libraries/Wire/src/utility/twi.o
                                0x517 (size before relaxing)
 .debug_str     0x00004b0b      0x8b3 src/libraries/Wire/src/Wire.o
                               0x19c3 (size before relaxing)
 .debug_str     0x000053be       0x97 C:\Users\alla1862\DOCUME~1\GitHub\DET_IN~1\MEGA25~1\MEGA25~1\ARDUIN~1\Debug\libArduinoCore.a(abi.o)
                                0x1b8 (size before relaxing)
 .debug_str     0x00005455      0x482 C:\Users\alla1862\DOCUME~1\GitHub\DET_IN~1\MEGA25~1\MEGA25~1\ARDUIN~1\Debug\libArduinoCore.a(HardwareSerial.o)
                               0x1707 (size before relaxing)
 .debug_str     0x000058d7       0x47 C:\Users\alla1862\DOCUME~1\GitHub\DET_IN~1\MEGA25~1\MEGA25~1\ARDUIN~1\Debug\libArduinoCore.a(HardwareSerial0.o)
                               0x1422 (size before relaxing)
 .debug_str     0x0000591e       0x37 C:\Users\alla1862\DOCUME~1\GitHub\DET_IN~1\MEGA25~1\MEGA25~1\ARDUIN~1\Debug\libArduinoCore.a(main.o)
                                0x2ce (size before relaxing)
 .debug_str     0x00005955      0x333 C:\Users\alla1862\DOCUME~1\GitHub\DET_IN~1\MEGA25~1\MEGA25~1\ARDUIN~1\Debug\libArduinoCore.a(Print.o)
                               0x125c (size before relaxing)
 .debug_str     0x00005c88       0xa4 C:\Users\alla1862\DOCUME~1\GitHub\DET_IN~1\MEGA25~1\MEGA25~1\ARDUIN~1\Debug\libArduinoCore.a(WInterrupts.o)
                                0x293 (size before relaxing)
 .debug_str     0x00005d2c       0x60 C:\Users\alla1862\DOCUME~1\GitHub\DET_IN~1\MEGA25~1\MEGA25~1\ARDUIN~1\Debug\libArduinoCore.a(wiring.o)
                                0x264 (size before relaxing)
 .debug_str     0x00005d8c       0x53 C:\Users\alla1862\DOCUME~1\GitHub\DET_IN~1\MEGA25~1\MEGA25~1\ARDUIN~1\Debug\libArduinoCore.a(wiring_digital.o)
                                0x2c9 (size before relaxing)
 .debug_str     0x00005ddf      0x3ca C:\Users\alla1862\DOCUME~1\GitHub\DET_IN~1\MEGA25~1\MEGA25~1\ARDUIN~1\Debug\libArduinoCore.a(WString.o)
                               0x11af (size before relaxing)
 .debug_str     0x000061a9       0x1c C:\Users\alla1862\DOCUME~1\GitHub\DET_IN~1\MEGA25~1\MEGA25~1\ARDUIN~1\Debug\libArduinoCore.a(hooks.o)
                                0x159 (size before relaxing)

.debug_loc      0x00000000    0x1d305
 *(.debug_loc)
 .debug_loc     0x00000000     0x2cc8 DS3231/DS3231.o
 .debug_loc     0x00002cc8      0x38b main.o
 .debug_loc     0x00003053     0x1584 src/libraries/Adafruit_BusIO/Adafruit_SPIDevice.o
 .debug_loc     0x000045d7     0xc203 src/libraries/Adafruit_GFX_Library/Adafruit_GFX.o
 .debug_loc     0x000107da     0x3191 src/libraries/Adafruit_SSD1306/Adafruit_SSD1306.o
 .debug_loc     0x0001396b      0xd33 src/libraries/DHT_sensor_library/DHT.o
 .debug_loc     0x0001469e      0x1f0 src/libraries/SPI/src/SPI.o
 .debug_loc     0x0001488e      0x87f src/libraries/Wire/src/utility/twi.o
 .debug_loc     0x0001510d      0xcbb src/libraries/Wire/src/Wire.o
 .debug_loc     0x00015dc8      0x4dc C:\Users\alla1862\DOCUME~1\GitHub\DET_IN~1\MEGA25~1\MEGA25~1\ARDUIN~1\Debug\libArduinoCore.a(HardwareSerial.o)
 .debug_loc     0x000162a4      0x1b0 C:\Users\alla1862\DOCUME~1\GitHub\DET_IN~1\MEGA25~1\MEGA25~1\ARDUIN~1\Debug\libArduinoCore.a(HardwareSerial0.o)
 .debug_loc     0x00016454     0x1c87 C:\Users\alla1862\DOCUME~1\GitHub\DET_IN~1\MEGA25~1\MEGA25~1\ARDUIN~1\Debug\libArduinoCore.a(Print.o)
 .debug_loc     0x000180db      0x7f5 C:\Users\alla1862\DOCUME~1\GitHub\DET_IN~1\MEGA25~1\MEGA25~1\ARDUIN~1\Debug\libArduinoCore.a(WInterrupts.o)
 .debug_loc     0x000188d0      0x28d C:\Users\alla1862\DOCUME~1\GitHub\DET_IN~1\MEGA25~1\MEGA25~1\ARDUIN~1\Debug\libArduinoCore.a(wiring.o)
 .debug_loc     0x00018b5d      0x56b C:\Users\alla1862\DOCUME~1\GitHub\DET_IN~1\MEGA25~1\MEGA25~1\ARDUIN~1\Debug\libArduinoCore.a(wiring_digital.o)
 .debug_loc     0x000190c8     0x423d C:\Users\alla1862\DOCUME~1\GitHub\DET_IN~1\MEGA25~1\MEGA25~1\ARDUIN~1\Debug\libArduinoCore.a(WString.o)

.debug_macinfo
 *(.debug_macinfo)

.debug_weaknames
 *(.debug_weaknames)

.debug_funcnames
 *(.debug_funcnames)

.debug_typenames
 *(.debug_typenames)

.debug_varnames
 *(.debug_varnames)

.debug_pubtypes
 *(.debug_pubtypes)

.debug_ranges   0x00000000     0x1100
 *(.debug_ranges)
 .debug_ranges  0x00000000      0x1a8 DS3231/DS3231.o
 .debug_ranges  0x000001a8       0x58 main.o
 .debug_ranges  0x00000200       0xc0 src/libraries/Adafruit_BusIO/Adafruit_SPIDevice.o
 .debug_ranges  0x000002c0      0x4c0 src/libraries/Adafruit_GFX_Library/Adafruit_GFX.o
 .debug_ranges  0x00000780      0x1b8 src/libraries/Adafruit_SSD1306/Adafruit_SSD1306.o
 .debug_ranges  0x00000938       0x70 src/libraries/DHT_sensor_library/DHT.o
 .debug_ranges  0x000009a8       0x28 src/libraries/SPI/src/SPI.o
 .debug_ranges  0x000009d0       0x88 src/libraries/Wire/src/utility/twi.o
 .debug_ranges  0x00000a58      0x100 src/libraries/Wire/src/Wire.o
 .debug_ranges  0x00000b58       0x10 C:\Users\alla1862\DOCUME~1\GitHub\DET_IN~1\MEGA25~1\MEGA25~1\ARDUIN~1\Debug\libArduinoCore.a(abi.o)
 .debug_ranges  0x00000b68       0x58 C:\Users\alla1862\DOCUME~1\GitHub\DET_IN~1\MEGA25~1\MEGA25~1\ARDUIN~1\Debug\libArduinoCore.a(HardwareSerial.o)
 .debug_ranges  0x00000bc0       0x38 C:\Users\alla1862\DOCUME~1\GitHub\DET_IN~1\MEGA25~1\MEGA25~1\ARDUIN~1\Debug\libArduinoCore.a(HardwareSerial0.o)
 .debug_ranges  0x00000bf8       0x20 C:\Users\alla1862\DOCUME~1\GitHub\DET_IN~1\MEGA25~1\MEGA25~1\ARDUIN~1\Debug\libArduinoCore.a(main.o)
 .debug_ranges  0x00000c18      0x120 C:\Users\alla1862\DOCUME~1\GitHub\DET_IN~1\MEGA25~1\MEGA25~1\ARDUIN~1\Debug\libArduinoCore.a(Print.o)
 .debug_ranges  0x00000d38       0x60 C:\Users\alla1862\DOCUME~1\GitHub\DET_IN~1\MEGA25~1\MEGA25~1\ARDUIN~1\Debug\libArduinoCore.a(WInterrupts.o)
 .debug_ranges  0x00000d98       0x38 C:\Users\alla1862\DOCUME~1\GitHub\DET_IN~1\MEGA25~1\MEGA25~1\ARDUIN~1\Debug\libArduinoCore.a(wiring.o)
 .debug_ranges  0x00000dd0       0x28 C:\Users\alla1862\DOCUME~1\GitHub\DET_IN~1\MEGA25~1\MEGA25~1\ARDUIN~1\Debug\libArduinoCore.a(wiring_digital.o)
 .debug_ranges  0x00000df8      0x2f8 C:\Users\alla1862\DOCUME~1\GitHub\DET_IN~1\MEGA25~1\MEGA25~1\ARDUIN~1\Debug\libArduinoCore.a(WString.o)
 .debug_ranges  0x000010f0       0x10 C:\Users\alla1862\DOCUME~1\GitHub\DET_IN~1\MEGA25~1\MEGA25~1\ARDUIN~1\Debug\libArduinoCore.a(hooks.o)

.debug_macro
 *(.debug_macro)
OUTPUT(Mega2560Master.elf elf32-avr)
LOAD linker stubs
